in_source: |
  .data
  port:
          word 1      ; first i/o port
  .text
  start:
          lit break   ; stack: break
          lit port    ; break port_addr
          load        ; break port
          in          ; break in
  loop:
          over        ; in break in
          jz          ; if on stack: break 0 -> jump break
          lit break   ; in break
          swap        ; break in
          lit port    ; stack: break in port_addr
          load        ; break in port
          over        ; break port in port
          out         ; break port
          in          ; break in
          lit loop    ; break in loop
          jump        ; break in
  break:
          halt
in_stdin: |
  why did you write the bot in clojure?
out_stdout: |
  why did you write the bot in clojure?
memory: |-
  0 - 00000001 - data 1
  1 - 00000004 00000010 - lit 16
  2 - 00000004 00000000 - lit 0
  3 - 00000005 - load
  4 - 0000001A - in
  5 - 00000011 - over
  6 - 00000015 - jz
  7 - 00000004 00000010 - lit 16
  8 - 00000010 - swap
  9 - 00000004 00000000 - lit 0
  10 - 00000005 - load
  11 - 00000011 - over
  12 - 0000001B - out
  13 - 0000001A - in
  14 - 00000004 00000005 - lit 5
  15 - 00000017 - jump
  16 - 0000001C - halt
out_log: |+
  [INFO]: ru.rmntim.csa4.comp.ControlUnit - NOW EXECUTING INSTRUCTION PC: 1 --> LIT 16

  [INFO]: ru.rmntim.csa4.comp.ControlUnit - 

  TICK 0 -- MPC: 0 / MicroInstruction: LatchAR, ARSelectPC, LatchMPCounter, MicroProgramCounterNext 

  Stack (size = 1): [0 | ]

  Return stack (size = 0): []

  PC: 1 AR: 1 BR: 0



  [INFO]: ru.rmntim.csa4.comp.ControlUnit - 

  TICK 1 -- MPC: 1 / MicroInstruction: LatchMPCounter, MicroProgramCounterOpcode 

  Stack (size = 1): [0 | ]

  Return stack (size = 0): []

  PC: 1 AR: 1 BR: 0



  [INFO]: ru.rmntim.csa4.comp.ControlUnit - 

  TICK 2 -- MPC: 3 / MicroInstruction: DataStackPush, LatchAR, ARSelectPC, LatchMPCounter, MicroProgramCounterNext 

  Stack (size = 2): [0 | 0]

  Return stack (size = 0): []

  PC: 1 AR: 1 BR: 0



  [INFO]: ru.rmntim.csa4.comp.ControlUnit - 

  TICK 3 -- MPC: 4 / MicroInstruction: LatchTOS, TOSSelectMemory, LatchMPCounter, MicroProgramCounterZero, LatchPC, PCJumpTypeNext 

  Stack (size = 2): [16 | 0]

  Return stack (size = 0): []

  PC: 2 AR: 1 BR: 0

  MEMORY READ VALUE: AR: 1 ---> OperandInstruction(opcode=LIT, operand=16)



  [INFO]: ru.rmntim.csa4.comp.ControlUnit - NOW EXECUTING INSTRUCTION PC: 2 --> LIT 0

  [INFO]: ru.rmntim.csa4.comp.ControlUnit - 

  TICK 4 -- MPC: 0 / MicroInstruction: LatchAR, ARSelectPC, LatchMPCounter, MicroProgramCounterNext 

  Stack (size = 2): [16 | 0]

  Return stack (size = 0): []

  PC: 2 AR: 2 BR: 0



  [INFO]: ru.rmntim.csa4.comp.ControlUnit - 

  TICK 5 -- MPC: 1 / MicroInstruction: LatchMPCounter, MicroProgramCounterOpcode 

  Stack (size = 2): [16 | 0]

  Return stack (size = 0): []

  PC: 2 AR: 2 BR: 0



  [INFO]: ru.rmntim.csa4.comp.ControlUnit - 

  TICK 6 -- MPC: 3 / MicroInstruction: DataStackPush, LatchAR, ARSelectPC, LatchMPCounter, MicroProgramCounterNext 

  Stack (size = 3): [16 | 16, 0]

  Return stack (size = 0): []

  PC: 2 AR: 2 BR: 0



  [INFO]: ru.rmntim.csa4.comp.ControlUnit - 

  TICK 7 -- MPC: 4 / MicroInstruction: LatchTOS, TOSSelectMemory, LatchMPCounter, MicroProgramCounterZero, LatchPC, PCJumpTypeNext 

  Stack (size = 3): [0 | 16, 0]

  Return stack (size = 0): []

  PC: 3 AR: 2 BR: 0

  MEMORY READ VALUE: AR: 2 ---> OperandInstruction(opcode=LIT, operand=0)



  [INFO]: ru.rmntim.csa4.comp.ControlUnit - NOW EXECUTING INSTRUCTION PC: 3 --> LOAD

  [INFO]: ru.rmntim.csa4.comp.ControlUnit - 

  TICK 8 -- MPC: 0 / MicroInstruction: LatchAR, ARSelectPC, LatchMPCounter, MicroProgramCounterNext 

  Stack (size = 3): [0 | 16, 0]

  Return stack (size = 0): []

  PC: 3 AR: 3 BR: 0



  [INFO]: ru.rmntim.csa4.comp.ControlUnit - 

  TICK 9 -- MPC: 1 / MicroInstruction: LatchMPCounter, MicroProgramCounterOpcode 

  Stack (size = 3): [0 | 16, 0]

  Return stack (size = 0): []

  PC: 3 AR: 3 BR: 0



  [INFO]: ru.rmntim.csa4.comp.ControlUnit - 

  TICK 10 -- MPC: 5 / MicroInstruction: LatchAR, ARSelectTOS, LatchMPCounter, MicroProgramCounterNext 

  Stack (size = 3): [0 | 16, 0]

  Return stack (size = 0): []

  PC: 3 AR: 0 BR: 0



  [INFO]: ru.rmntim.csa4.comp.ControlUnit - 

  TICK 11 -- MPC: 6 / MicroInstruction: LatchTOS, TOSSelectMemory, LatchMPCounter, MicroProgramCounterZero, LatchPC, PCJumpTypeNext 

  Stack (size = 3): [1 | 16, 0]

  Return stack (size = 0): []

  PC: 4 AR: 0 BR: 0

  MEMORY READ VALUE: AR: 0 ---> Data(value=1)



  [INFO]: ru.rmntim.csa4.comp.ControlUnit - NOW EXECUTING INSTRUCTION PC: 4 --> IN

  [INFO]: ru.rmntim.csa4.comp.ControlUnit - 

  TICK 12 -- MPC: 0 / MicroInstruction: LatchAR, ARSelectPC, LatchMPCounter, MicroProgramCounterNext 

  Stack (size = 3): [1 | 16, 0]

  Return stack (size = 0): []

  PC: 4 AR: 4 BR: 0



  [INFO]: ru.rmntim.csa4.comp.ControlUnit - 

  TICK 13 -- MPC: 1 / MicroInstruction: LatchMPCounter, MicroProgramCounterOpcode 

  Stack (size = 3): [1 | 16, 0]

  Return stack (size = 0): []

  PC: 4 AR: 4 BR: 0



  [INFO]: ru.rmntim.csa4.comp.IOController - I/O OPERATION OCCURS (IN): port: 1 ---> value: 119

  [INFO]: ru.rmntim.csa4.comp.ControlUnit - 

  TICK 14 -- MPC: 61 / MicroInstruction: LatchTOS, TOSSelectInput, LatchMPCounter, MicroProgramCounterZero, LatchPC, PCJumpTypeNext 

  Stack (size = 3): [119 | 16, 0]

  Return stack (size = 0): []

  PC: 5 AR: 4 BR: 0



  [INFO]: ru.rmntim.csa4.comp.ControlUnit - NOW EXECUTING INSTRUCTION PC: 5 --> OVER

  [INFO]: ru.rmntim.csa4.comp.ControlUnit - 

  TICK 15 -- MPC: 0 / MicroInstruction: LatchAR, ARSelectPC, LatchMPCounter, MicroProgramCounterNext 

  Stack (size = 3): [119 | 16, 0]

  Return stack (size = 0): []

  PC: 5 AR: 5 BR: 0



  [INFO]: ru.rmntim.csa4.comp.ControlUnit - 

  TICK 16 -- MPC: 1 / MicroInstruction: LatchMPCounter, MicroProgramCounterOpcode 

  Stack (size = 3): [119 | 16, 0]

  Return stack (size = 0): []

  PC: 5 AR: 5 BR: 0



  [INFO]: ru.rmntim.csa4.comp.ControlUnit - 

  TICK 17 -- MPC: 31 / MicroInstruction: LatchBR, LatchMPCounter, MicroProgramCounterNext 

  Stack (size = 3): [119 | 16, 0]

  Return stack (size = 0): []

  PC: 5 AR: 5 BR: 16



  [INFO]: ru.rmntim.csa4.comp.ControlUnit - 

  TICK 18 -- MPC: 32 / MicroInstruction: DataStackPop, LatchMPCounter, MicroProgramCounterNext 

  Stack (size = 2): [119 | 0]

  Return stack (size = 0): []

  PC: 5 AR: 5 BR: 16



  [INFO]: ru.rmntim.csa4.comp.ControlUnit - 

  TICK 19 -- MPC: 33 / MicroInstruction: DataStackPush, LatchMPCounter, MicroProgramCounterNext 

  Stack (size = 3): [119 | 119, 0]

  Return stack (size = 0): []

  PC: 5 AR: 5 BR: 16



  [INFO]: ru.rmntim.csa4.comp.ControlUnit - 

  TICK 20 -- MPC: 34 / MicroInstruction: LatchTOS, TOSSelectBR, LatchMPCounter, MicroProgramCounterNext 

  Stack (size = 3): [16 | 119, 0]

  Return stack (size = 0): []

  PC: 5 AR: 5 BR: 16



  [INFO]: ru.rmntim.csa4.comp.ControlUnit - 

  TICK 21 -- MPC: 35 / MicroInstruction: LatchBR, LatchMPCounter, MicroProgramCounterNext 

  Stack (size = 3): [16 | 119, 0]

  Return stack (size = 0): []

  PC: 5 AR: 5 BR: 119



  [INFO]: ru.rmntim.csa4.comp.ControlUnit - 

  TICK 22 -- MPC: 36 / MicroInstruction: DataStackPush, LatchMPCounter, MicroProgramCounterNext 

  Stack (size = 4): [16 | 16, 119, 0]

  Return stack (size = 0): []

  PC: 5 AR: 5 BR: 119



  [INFO]: ru.rmntim.csa4.comp.ControlUnit - 

  TICK 23 -- MPC: 37 / MicroInstruction: LatchTOS, TOSSelectBR, LatchMPCounter, MicroProgramCounterZero, LatchPC, PCJumpTypeNext 

  Stack (size = 4): [119 | 16, 119, 0]

  Return stack (size = 0): []

  PC: 6 AR: 5 BR: 119



  [INFO]: ru.rmntim.csa4.comp.ControlUnit - NOW EXECUTING INSTRUCTION PC: 6 --> JZ

  [INFO]: ru.rmntim.csa4.comp.ControlUnit - 

  TICK 24 -- MPC: 0 / MicroInstruction: LatchAR, ARSelectPC, LatchMPCounter, MicroProgramCounterNext 

  Stack (size = 4): [119 | 16, 119, 0]

  Return stack (size = 0): []

  PC: 6 AR: 6 BR: 119



  [INFO]: ru.rmntim.csa4.comp.ControlUnit - 

  TICK 25 -- MPC: 1 / MicroInstruction: LatchMPCounter, MicroProgramCounterOpcode 

  Stack (size = 4): [119 | 16, 119, 0]

  Return stack (size = 0): []

  PC: 6 AR: 6 BR: 119



  [INFO]: ru.rmntim.csa4.comp.ControlUnit - 

  TICK 26 -- MPC: 44 / MicroInstruction: LatchPC, PCJumpTypeJZ, LatchMPCounter, MicroProgramCounterNext 

  Stack (size = 4): [119 | 16, 119, 0]

  Return stack (size = 0): []

  PC: 7 AR: 6 BR: 119



  [INFO]: ru.rmntim.csa4.comp.ControlUnit - 

  TICK 27 -- MPC: 45 / MicroInstruction: DataStackPop, LatchMPCounter, MicroProgramCounterNext 

  Stack (size = 3): [119 | 119, 0]

  Return stack (size = 0): []

  PC: 7 AR: 6 BR: 119



  [INFO]: ru.rmntim.csa4.comp.ControlUnit - 

  TICK 28 -- MPC: 46 / MicroInstruction: LatchTOS, TOSSelectDS, LatchMPCounter, MicroProgramCounterNext 

  Stack (size = 3): [119 | 119, 0]

  Return stack (size = 0): []

  PC: 7 AR: 6 BR: 119



  [INFO]: ru.rmntim.csa4.comp.ControlUnit - 

  TICK 29 -- MPC: 47 / MicroInstruction: DataStackPop, LatchMPCounter, MicroProgramCounterZero 

  Stack (size = 2): [119 | 0]

  Return stack (size = 0): []

  PC: 7 AR: 6 BR: 119



  [INFO]: ru.rmntim.csa4.comp.ControlUnit - NOW EXECUTING INSTRUCTION PC: 7 --> LIT 16

  [INFO]: ru.rmntim.csa4.comp.ControlUnit - 

  TICK 30 -- MPC: 0 / MicroInstruction: LatchAR, ARSelectPC, LatchMPCounter, MicroProgramCounterNext 

  Stack (size = 2): [119 | 0]

  Return stack (size = 0): []

  PC: 7 AR: 7 BR: 119



  [INFO]: ru.rmntim.csa4.comp.ControlUnit - 

  TICK 31 -- MPC: 1 / MicroInstruction: LatchMPCounter, MicroProgramCounterOpcode 

  Stack (size = 2): [119 | 0]

  Return stack (size = 0): []

  PC: 7 AR: 7 BR: 119



  [INFO]: ru.rmntim.csa4.comp.ControlUnit - 

  TICK 32 -- MPC: 3 / MicroInstruction: DataStackPush, LatchAR, ARSelectPC, LatchMPCounter, MicroProgramCounterNext 

  Stack (size = 3): [119 | 119, 0]

  Return stack (size = 0): []

  PC: 7 AR: 7 BR: 119



  [INFO]: ru.rmntim.csa4.comp.ControlUnit - 

  TICK 33 -- MPC: 4 / MicroInstruction: LatchTOS, TOSSelectMemory, LatchMPCounter, MicroProgramCounterZero, LatchPC, PCJumpTypeNext 

  Stack (size = 3): [16 | 119, 0]

  Return stack (size = 0): []

  PC: 8 AR: 7 BR: 119

  MEMORY READ VALUE: AR: 7 ---> OperandInstruction(opcode=LIT, operand=16)



  [INFO]: ru.rmntim.csa4.comp.ControlUnit - NOW EXECUTING INSTRUCTION PC: 8 --> SWAP

  [INFO]: ru.rmntim.csa4.comp.ControlUnit - 

  TICK 34 -- MPC: 0 / MicroInstruction: LatchAR, ARSelectPC, LatchMPCounter, MicroProgramCounterNext 

  Stack (size = 3): [16 | 119, 0]

  Return stack (size = 0): []

  PC: 8 AR: 8 BR: 119



  [INFO]: ru.rmntim.csa4.comp.ControlUnit - 

  TICK 35 -- MPC: 1 / MicroInstruction: LatchMPCounter, MicroProgramCounterOpcode 

  Stack (size = 3): [16 | 119, 0]

  Return stack (size = 0): []

  PC: 8 AR: 8 BR: 119



  [INFO]: ru.rmntim.csa4.comp.ControlUnit - 

  TICK 36 -- MPC: 27 / MicroInstruction: LatchBR, LatchMPCounter, MicroProgramCounterNext 

  Stack (size = 3): [16 | 119, 0]

  Return stack (size = 0): []

  PC: 8 AR: 8 BR: 119



  [INFO]: ru.rmntim.csa4.comp.ControlUnit - 

  TICK 37 -- MPC: 28 / MicroInstruction: DataStackPop, LatchMPCounter, MicroProgramCounterNext 

  Stack (size = 2): [16 | 0]

  Return stack (size = 0): []

  PC: 8 AR: 8 BR: 119



  [INFO]: ru.rmntim.csa4.comp.ControlUnit - 

  TICK 38 -- MPC: 29 / MicroInstruction: DataStackPush, LatchMPCounter, MicroProgramCounterNext 

  Stack (size = 3): [16 | 16, 0]

  Return stack (size = 0): []

  PC: 8 AR: 8 BR: 119



  [INFO]: ru.rmntim.csa4.comp.ControlUnit - 

  TICK 39 -- MPC: 30 / MicroInstruction: LatchTOS, TOSSelectBR, LatchMPCounter, MicroProgramCounterZero, LatchPC, PCJumpTypeNext 

  Stack (size = 3): [119 | 16, 0]

  Return stack (size = 0): []

  PC: 9 AR: 8 BR: 119



  [INFO]: ru.rmntim.csa4.comp.ControlUnit - NOW EXECUTING INSTRUCTION PC: 9 --> LIT 0

  [INFO]: ru.rmntim.csa4.comp.ControlUnit - 

  TICK 40 -- MPC: 0 / MicroInstruction: LatchAR, ARSelectPC, LatchMPCounter, MicroProgramCounterNext 

  Stack (size = 3): [119 | 16, 0]

  Return stack (size = 0): []

  PC: 9 AR: 9 BR: 119



  [INFO]: ru.rmntim.csa4.comp.ControlUnit - 

  TICK 41 -- MPC: 1 / MicroInstruction: LatchMPCounter, MicroProgramCounterOpcode 

  Stack (size = 3): [119 | 16, 0]

  Return stack (size = 0): []

  PC: 9 AR: 9 BR: 119



  [INFO]: ru.rmntim.csa4.comp.ControlUnit - 

  TICK 42 -- MPC: 3 / MicroInstruction: DataStackPush, LatchAR, ARSelectPC, LatchMPCounter, MicroProgramCounterNext 

  Stack (size = 4): [119 | 119, 16, 0]

  Return stack (size = 0): []

  PC: 9 AR: 9 BR: 119



  [INFO]: ru.rmntim.csa4.comp.ControlUnit - 

  TICK 43 -- MPC: 4 / MicroInstruction: LatchTOS, TOSSelectMemory, LatchMPCounter, MicroProgramCounterZero, LatchPC, PCJumpTypeNext 

  Stack (size = 4): [0 | 119, 16, 0]

  Return stack (size = 0): []

  PC: 10 AR: 9 BR: 119

  MEMORY READ VALUE: AR: 9 ---> OperandInstruction(opcode=LIT, operand=0)



  [INFO]: ru.rmntim.csa4.comp.ControlUnit - NOW EXECUTING INSTRUCTION PC: 10 --> LOAD

  [INFO]: ru.rmntim.csa4.comp.ControlUnit - 

  TICK 44 -- MPC: 0 / MicroInstruction: LatchAR, ARSelectPC, LatchMPCounter, MicroProgramCounterNext 

  Stack (size = 4): [0 | 119, 16, 0]

  Return stack (size = 0): []

  PC: 10 AR: 10 BR: 119



  [INFO]: ru.rmntim.csa4.comp.ControlUnit - 

  TICK 45 -- MPC: 1 / MicroInstruction: LatchMPCounter, MicroProgramCounterOpcode 

  Stack (size = 4): [0 | 119, 16, 0]

  Return stack (size = 0): []

  PC: 10 AR: 10 BR: 119



  [INFO]: ru.rmntim.csa4.comp.ControlUnit - 

  TICK 46 -- MPC: 5 / MicroInstruction: LatchAR, ARSelectTOS, LatchMPCounter, MicroProgramCounterNext 

  Stack (size = 4): [0 | 119, 16, 0]

  Return stack (size = 0): []

  PC: 10 AR: 0 BR: 119



  [INFO]: ru.rmntim.csa4.comp.ControlUnit - 

  TICK 47 -- MPC: 6 / MicroInstruction: LatchTOS, TOSSelectMemory, LatchMPCounter, MicroProgramCounterZero, LatchPC, PCJumpTypeNext 

  Stack (size = 4): [1 | 119, 16, 0]

  Return stack (size = 0): []

  PC: 11 AR: 0 BR: 119

  MEMORY READ VALUE: AR: 0 ---> Data(value=1)



  [INFO]: ru.rmntim.csa4.comp.ControlUnit - NOW EXECUTING INSTRUCTION PC: 11 --> OVER

  [INFO]: ru.rmntim.csa4.comp.ControlUnit - 

  TICK 48 -- MPC: 0 / MicroInstruction: LatchAR, ARSelectPC, LatchMPCounter, MicroProgramCounterNext 

  Stack (size = 4): [1 | 119, 16, 0]

  Return stack (size = 0): []

  PC: 11 AR: 11 BR: 119



  [INFO]: ru.rmntim.csa4.comp.ControlUnit - 

  TICK 49 -- MPC: 1 / MicroInstruction: LatchMPCounter, MicroProgramCounterOpcode 

  Stack (size = 4): [1 | 119, 16, 0]

  Return stack (size = 0): []

  PC: 11 AR: 11 BR: 119



  [INFO]: ru.rmntim.csa4.comp.ControlUnit - 

  TICK 50 -- MPC: 31 / MicroInstruction: LatchBR, LatchMPCounter, MicroProgramCounterNext 

  Stack (size = 4): [1 | 119, 16, 0]

  Return stack (size = 0): []

  PC: 11 AR: 11 BR: 119



  [INFO]: ru.rmntim.csa4.comp.ControlUnit - 

  TICK 51 -- MPC: 32 / MicroInstruction: DataStackPop, LatchMPCounter, MicroProgramCounterNext 

  Stack (size = 3): [1 | 16, 0]

  Return stack (size = 0): []

  PC: 11 AR: 11 BR: 119



  [INFO]: ru.rmntim.csa4.comp.ControlUnit - 

  TICK 52 -- MPC: 33 / MicroInstruction: DataStackPush, LatchMPCounter, MicroProgramCounterNext 

  Stack (size = 4): [1 | 1, 16, 0]

  Return stack (size = 0): []

  PC: 11 AR: 11 BR: 119



  [INFO]: ru.rmntim.csa4.comp.ControlUnit - 

  TICK 53 -- MPC: 34 / MicroInstruction: LatchTOS, TOSSelectBR, LatchMPCounter, MicroProgramCounterNext 

  Stack (size = 4): [119 | 1, 16, 0]

  Return stack (size = 0): []

  PC: 11 AR: 11 BR: 119



  [INFO]: ru.rmntim.csa4.comp.ControlUnit - 

  TICK 54 -- MPC: 35 / MicroInstruction: LatchBR, LatchMPCounter, MicroProgramCounterNext 

  Stack (size = 4): [119 | 1, 16, 0]

  Return stack (size = 0): []

  PC: 11 AR: 11 BR: 1



  [INFO]: ru.rmntim.csa4.comp.ControlUnit - 

  TICK 55 -- MPC: 36 / MicroInstruction: DataStackPush, LatchMPCounter, MicroProgramCounterNext 

  Stack (size = 5): [119 | 119, 1, 16]

  Return stack (size = 0): []

  PC: 11 AR: 11 BR: 1



  [INFO]: ru.rmntim.csa4.comp.ControlUnit - 

  TICK 56 -- MPC: 37 / MicroInstruction: LatchTOS, TOSSelectBR, LatchMPCounter, MicroProgramCounterZero, LatchPC, PCJumpTypeNext 

  Stack (size = 5): [1 | 119, 1, 16]

  Return stack (size = 0): []

  PC: 12 AR: 11 BR: 1



  [INFO]: ru.rmntim.csa4.comp.ControlUnit - NOW EXECUTING INSTRUCTION PC: 12 --> OUT

  [INFO]: ru.rmntim.csa4.comp.ControlUnit - 

  TICK 57 -- MPC: 0 / MicroInstruction: LatchAR, ARSelectPC, LatchMPCounter, MicroProgramCounterNext 

  Stack (size = 5): [1 | 119, 1, 16]

  Return stack (size = 0): []

  PC: 12 AR: 12 BR: 1



  [INFO]: ru.rmntim.csa4.comp.ControlUnit - 

  TICK 58 -- MPC: 1 / MicroInstruction: LatchMPCounter, MicroProgramCounterOpcode 

  Stack (size = 5): [1 | 119, 1, 16]

  Return stack (size = 0): []

  PC: 12 AR: 12 BR: 1



  [INFO]: ru.rmntim.csa4.comp.IOController - I/O OPERATION OCCURS (OUT): port: 1 <--- value: 119

  [INFO]: ru.rmntim.csa4.comp.ControlUnit - 

  TICK 59 -- MPC: 62 / MicroInstruction: Output, LatchMPCounter, MicroProgramCounterNext 

  Stack (size = 5): [1 | 119, 1, 16]

  Return stack (size = 0): []

  PC: 12 AR: 12 BR: 1



  [INFO]: ru.rmntim.csa4.comp.ControlUnit - 

  TICK 60 -- MPC: 63 / MicroInstruction: DataStackPop, LatchMPCounter, MicroProgramCounterNext 

  Stack (size = 4): [1 | 1, 16, 0]

  Return stack (size = 0): []

  PC: 12 AR: 12 BR: 1



  [INFO]: ru.rmntim.csa4.comp.ControlUnit - 

  TICK 61 -- MPC: 64 / MicroInstruction: LatchTOS, TOSSelectDS, LatchMPCounter, MicroProgramCounterNext 

  Stack (size = 4): [1 | 1, 16, 0]

  Return stack (size = 0): []

  PC: 12 AR: 12 BR: 1



  [INFO]: ru.rmntim.csa4.comp.ControlUnit - 

  TICK 62 -- MPC: 65 / MicroInstruction: DataStackPop, LatchMPCounter, MicroProgramCounterZero, LatchPC, PCJumpTypeNext 

  Stack (size = 3): [1 | 16, 0]

  Return stack (size = 0): []

  PC: 13 AR: 12 BR: 1



  [INFO]: ru.rmntim.csa4.comp.ControlUnit - NOW EXECUTING INSTRUCTION PC: 13 --> IN

  [INFO]: ru.rmntim.csa4.comp.ControlUnit - 

  TICK 63 -- MPC: 0 / MicroInstruction: LatchAR, ARSelectPC, LatchMPCounter, MicroProgramCounterNext 

  Stack (size = 3): [1 | 16, 0]

  Return stack (size = 0): []

  PC: 13 AR: 13 BR: 1



  [INFO]: ru.rmntim.csa4.comp.ControlUnit - 

  TICK 64 -- MPC: 1 / MicroInstruction: LatchMPCounter, MicroProgramCounterOpcode 

  Stack (size = 3): [1 | 16, 0]

  Return stack (size = 0): []

  PC: 13 AR: 13 BR: 1



  [INFO]: ru.rmntim.csa4.comp.IOController - I/O OPERATION OCCURS (IN): port: 1 ---> value: 104

  [INFO]: ru.rmntim.csa4.comp.ControlUnit - 

  TICK 65 -- MPC: 61 / MicroInstruction: LatchTOS, TOSSelectInput, LatchMPCounter, MicroProgramCounterZero, LatchPC, PCJumpTypeNext 

  Stack (size = 3): [104 | 16, 0]

  Return stack (size = 0): []

  PC: 14 AR: 13 BR: 1



  [INFO]: ru.rmntim.csa4.comp.ControlUnit - NOW EXECUTING INSTRUCTION PC: 14 --> LIT 5

  [INFO]: ru.rmntim.csa4.comp.ControlUnit - 

  TICK 66 -- MPC: 0 / MicroInstruction: LatchAR, ARSelectPC, LatchMPCounter, MicroProgramCounterNext 

  Stack (size = 3): [104 | 16, 0]

  Return stack (size = 0): []

  PC: 14 AR: 14 BR: 1



  [INFO]: ru.rmntim.csa4.comp.ControlUnit - 

  TICK 67 -- MPC: 1 / MicroInstruction: LatchMPCounter, MicroProgramCounterOpcode 

  Stack (size = 3): [104 | 16, 0]

  Return stack (size = 0): []

  PC: 14 AR: 14 BR: 1



  [INFO]: ru.rmntim.csa4.comp.ControlUnit - 

  TICK 68 -- MPC: 3 / MicroInstruction: DataStackPush, LatchAR, ARSelectPC, LatchMPCounter, MicroProgramCounterNext 

  Stack (size = 4): [104 | 104, 16, 0]

  Return stack (size = 0): []

  PC: 14 AR: 14 BR: 1



  [INFO]: ru.rmntim.csa4.comp.ControlUnit - 

  TICK 69 -- MPC: 4 / MicroInstruction: LatchTOS, TOSSelectMemory, LatchMPCounter, MicroProgramCounterZero, LatchPC, PCJumpTypeNext 

  Stack (size = 4): [5 | 104, 16, 0]

  Return stack (size = 0): []

  PC: 15 AR: 14 BR: 1

  MEMORY READ VALUE: AR: 14 ---> OperandInstruction(opcode=LIT, operand=5)



  [INFO]: ru.rmntim.csa4.comp.ControlUnit - NOW EXECUTING INSTRUCTION PC: 15 --> JUMP

  [INFO]: ru.rmntim.csa4.comp.ControlUnit - 

  TICK 70 -- MPC: 0 / MicroInstruction: LatchAR, ARSelectPC, LatchMPCounter, MicroProgramCounterNext 

  Stack (size = 4): [5 | 104, 16, 0]

  Return stack (size = 0): []

  PC: 15 AR: 15 BR: 1



  [INFO]: ru.rmntim.csa4.comp.ControlUnit - 

  TICK 71 -- MPC: 1 / MicroInstruction: LatchMPCounter, MicroProgramCounterOpcode 

  Stack (size = 4): [5 | 104, 16, 0]

  Return stack (size = 0): []

  PC: 15 AR: 15 BR: 1



  [INFO]: ru.rmntim.csa4.comp.ControlUnit - 

  TICK 72 -- MPC: 52 / MicroInstruction: LatchPC, PCJumpTypeTOS, LatchMPCounter, MicroProgramCounterNext 

  Stack (size = 4): [5 | 104, 16, 0]

  Return stack (size = 0): []

  PC: 5 AR: 15 BR: 1



  [INFO]: ru.rmntim.csa4.comp.ControlUnit - 

  TICK 73 -- MPC: 53 / MicroInstruction: LatchTOS, TOSSelectDS, LatchMPCounter, MicroProgramCounterNext 

  Stack (size = 4): [104 | 104, 16, 0]

  Return stack (size = 0): []

  PC: 5 AR: 15 BR: 1



  [INFO]: ru.rmntim.csa4.comp.ControlUnit - 

  TICK 74 -- MPC: 54 / MicroInstruction: DataStackPop, LatchMPCounter, MicroProgramCounterZero 

  Stack (size = 3): [104 | 16, 0]

  Return stack (size = 0): []

  PC: 5 AR: 15 BR: 1



  [INFO]: ru.rmntim.csa4.comp.ControlUnit - NOW EXECUTING INSTRUCTION PC: 5 --> OVER

  [INFO]: ru.rmntim.csa4.comp.ControlUnit - 

  TICK 75 -- MPC: 0 / MicroInstruction: LatchAR, ARSelectPC, LatchMPCounter, MicroProgramCounterNext 

  Stack (size = 3): [104 | 16, 0]

  Return stack (size = 0): []

  PC: 5 AR: 5 BR: 1



  [INFO]: ru.rmntim.csa4.comp.ControlUnit - 

  TICK 76 -- MPC: 1 / MicroInstruction: LatchMPCounter, MicroProgramCounterOpcode 

  Stack (size = 3): [104 | 16, 0]

  Return stack (size = 0): []

  PC: 5 AR: 5 BR: 1



  [INFO]: ru.rmntim.csa4.comp.ControlUnit - 

  TICK 77 -- MPC: 31 / MicroInstruction: LatchBR, LatchMPCounter, MicroProgramCounterNext 

  Stack (size = 3): [104 | 16, 0]

  Return stack (size = 0): []

  PC: 5 AR: 5 BR: 16



  [INFO]: ru.rmntim.csa4.comp.ControlUnit - 

  TICK 78 -- MPC: 32 / MicroInstruction: DataStackPop, LatchMPCounter, MicroProgramCounterNext 

  Stack (size = 2): [104 | 0]

  Return stack (size = 0): []

  PC: 5 AR: 5 BR: 16


...
