in_source: |
  .data
  res:
          word 0      ; result accumulator
  .text
  fac:
          dup         ; Stack: arg arg
          lit 1       ; Stack: arg arg 1
          sub         ; Stack: arg 0/pos_num
          lit break   ; Stack: arg 0/pos_num break
          swap        ; Stack: arg break 0/pos_num
          jz          ; Stack: arg
          dup         ; Stack: arg arg
          dec         ; Stack: arg (arg - 1) -> arg
          lit fac     ; Stack: [...] arg fac
          call        ; Stack: [...] res
          mul         ; Stack: res
  break:
          ret         ; Stack: arg/res

  start:
          lit 11      ; Stack: 11
          lit fac     ; Stack: 11 fac
          call        ; Stack: 11!
          lit res     ; Stack: 11! res_addr
          store       ; Stack: <empty>
          halt        ; halted

in_stdin: |
  <no input>
out_stdout: |
memory: |-
  0 - 00000000 - data 0
  1 - 0000000F - dup
  2 - 00000004 00000001 - lit 1
  3 - 00000008 - sub
  4 - 00000004 0000000C - lit 12
  5 - 00000010 - swap
  6 - 00000015 - jz
  7 - 0000000F - dup
  8 - 0000000D - dec
  9 - 00000004 00000001 - lit 1
  10 - 00000018 - call
  11 - 00000009 - mul
  12 - 00000019 - ret
  13 - 00000004 0000000B - lit 11
  14 - 00000004 00000001 - lit 1
  15 - 00000018 - call
  16 - 00000004 00000000 - lit 0
  17 - 00000006 - store
  18 - 0000001C - halt
out_log: |+
  [INFO]: ru.rmntim.csa4.comp.ControlUnit - NOW EXECUTING INSTRUCTION PC: 13 --> LIT 11

  [INFO]: ru.rmntim.csa4.comp.ControlUnit - 

  TICK 0 -- MPC: 0 / MicroInstruction: LatchAR, ARSelectPC, LatchMPCounter, MicroProgramCounterNext 

  Stack (size = 1): [0 | ]

  Return stack (size = 0): []

  PC: 13 AR: 13 BR: 0



  [INFO]: ru.rmntim.csa4.comp.ControlUnit - 

  TICK 1 -- MPC: 1 / MicroInstruction: LatchMPCounter, MicroProgramCounterOpcode 

  Stack (size = 1): [0 | ]

  Return stack (size = 0): []

  PC: 13 AR: 13 BR: 0



  [INFO]: ru.rmntim.csa4.comp.ControlUnit - 

  TICK 2 -- MPC: 3 / MicroInstruction: DataStackPush, LatchAR, ARSelectPC, LatchMPCounter, MicroProgramCounterNext 

  Stack (size = 2): [0 | 0]

  Return stack (size = 0): []

  PC: 13 AR: 13 BR: 0



  [INFO]: ru.rmntim.csa4.comp.ControlUnit - 

  TICK 3 -- MPC: 4 / MicroInstruction: LatchTOS, TOSSelectMemory, LatchMPCounter, MicroProgramCounterZero, LatchPC, PCJumpTypeNext 

  Stack (size = 2): [11 | 0]

  Return stack (size = 0): []

  PC: 14 AR: 13 BR: 0

  MEMORY READ VALUE: AR: 13 ---> OperandInstruction(opcode=LIT, operand=11)



  [INFO]: ru.rmntim.csa4.comp.ControlUnit - NOW EXECUTING INSTRUCTION PC: 14 --> LIT 1

  [INFO]: ru.rmntim.csa4.comp.ControlUnit - 

  TICK 4 -- MPC: 0 / MicroInstruction: LatchAR, ARSelectPC, LatchMPCounter, MicroProgramCounterNext 

  Stack (size = 2): [11 | 0]

  Return stack (size = 0): []

  PC: 14 AR: 14 BR: 0



  [INFO]: ru.rmntim.csa4.comp.ControlUnit - 

  TICK 5 -- MPC: 1 / MicroInstruction: LatchMPCounter, MicroProgramCounterOpcode 

  Stack (size = 2): [11 | 0]

  Return stack (size = 0): []

  PC: 14 AR: 14 BR: 0



  [INFO]: ru.rmntim.csa4.comp.ControlUnit - 

  TICK 6 -- MPC: 3 / MicroInstruction: DataStackPush, LatchAR, ARSelectPC, LatchMPCounter, MicroProgramCounterNext 

  Stack (size = 3): [11 | 11, 0]

  Return stack (size = 0): []

  PC: 14 AR: 14 BR: 0



  [INFO]: ru.rmntim.csa4.comp.ControlUnit - 

  TICK 7 -- MPC: 4 / MicroInstruction: LatchTOS, TOSSelectMemory, LatchMPCounter, MicroProgramCounterZero, LatchPC, PCJumpTypeNext 

  Stack (size = 3): [1 | 11, 0]

  Return stack (size = 0): []

  PC: 15 AR: 14 BR: 0

  MEMORY READ VALUE: AR: 14 ---> OperandInstruction(opcode=LIT, operand=1)



  [INFO]: ru.rmntim.csa4.comp.ControlUnit - NOW EXECUTING INSTRUCTION PC: 15 --> CALL

  [INFO]: ru.rmntim.csa4.comp.ControlUnit - 

  TICK 8 -- MPC: 0 / MicroInstruction: LatchAR, ARSelectPC, LatchMPCounter, MicroProgramCounterNext 

  Stack (size = 3): [1 | 11, 0]

  Return stack (size = 0): []

  PC: 15 AR: 15 BR: 0



  [INFO]: ru.rmntim.csa4.comp.ControlUnit - 

  TICK 9 -- MPC: 1 / MicroInstruction: LatchMPCounter, MicroProgramCounterOpcode 

  Stack (size = 3): [1 | 11, 0]

  Return stack (size = 0): []

  PC: 15 AR: 15 BR: 0



  [INFO]: ru.rmntim.csa4.comp.ControlUnit - 

  TICK 10 -- MPC: 55 / MicroInstruction: ReturnStackPush, LatchMPCounter, MicroProgramCounterNext 

  Stack (size = 3): [1 | 11, 0]

  Return stack (size = 1): [16]

  PC: 15 AR: 15 BR: 0



  [INFO]: ru.rmntim.csa4.comp.ControlUnit - 

  TICK 11 -- MPC: 56 / MicroInstruction: LatchPC, PCJumpTypeTOS, LatchMPCounter, MicroProgramCounterNext 

  Stack (size = 3): [1 | 11, 0]

  Return stack (size = 1): [16]

  PC: 1 AR: 15 BR: 0



  [INFO]: ru.rmntim.csa4.comp.ControlUnit - 

  TICK 12 -- MPC: 57 / MicroInstruction: LatchTOS, TOSSelectDS, LatchMPCounter, MicroProgramCounterNext 

  Stack (size = 3): [11 | 11, 0]

  Return stack (size = 1): [16]

  PC: 1 AR: 15 BR: 0



  [INFO]: ru.rmntim.csa4.comp.ControlUnit - 

  TICK 13 -- MPC: 58 / MicroInstruction: DataStackPop, LatchMPCounter, MicroProgramCounterZero 

  Stack (size = 2): [11 | 0]

  Return stack (size = 1): [16]

  PC: 1 AR: 15 BR: 0



  [INFO]: ru.rmntim.csa4.comp.ControlUnit - NOW EXECUTING INSTRUCTION PC: 1 --> DUP

  [INFO]: ru.rmntim.csa4.comp.ControlUnit - 

  TICK 14 -- MPC: 0 / MicroInstruction: LatchAR, ARSelectPC, LatchMPCounter, MicroProgramCounterNext 

  Stack (size = 2): [11 | 0]

  Return stack (size = 1): [16]

  PC: 1 AR: 1 BR: 0



  [INFO]: ru.rmntim.csa4.comp.ControlUnit - 

  TICK 15 -- MPC: 1 / MicroInstruction: LatchMPCounter, MicroProgramCounterOpcode 

  Stack (size = 2): [11 | 0]

  Return stack (size = 1): [16]

  PC: 1 AR: 1 BR: 0



  [INFO]: ru.rmntim.csa4.comp.ControlUnit - 

  TICK 16 -- MPC: 26 / MicroInstruction: DataStackPush, LatchMPCounter, MicroProgramCounterZero, LatchPC, PCJumpTypeNext 

  Stack (size = 3): [11 | 11, 0]

  Return stack (size = 1): [16]

  PC: 2 AR: 1 BR: 0



  [INFO]: ru.rmntim.csa4.comp.ControlUnit - NOW EXECUTING INSTRUCTION PC: 2 --> LIT 1

  [INFO]: ru.rmntim.csa4.comp.ControlUnit - 

  TICK 17 -- MPC: 0 / MicroInstruction: LatchAR, ARSelectPC, LatchMPCounter, MicroProgramCounterNext 

  Stack (size = 3): [11 | 11, 0]

  Return stack (size = 1): [16]

  PC: 2 AR: 2 BR: 0



  [INFO]: ru.rmntim.csa4.comp.ControlUnit - 

  TICK 18 -- MPC: 1 / MicroInstruction: LatchMPCounter, MicroProgramCounterOpcode 

  Stack (size = 3): [11 | 11, 0]

  Return stack (size = 1): [16]

  PC: 2 AR: 2 BR: 0



  [INFO]: ru.rmntim.csa4.comp.ControlUnit - 

  TICK 19 -- MPC: 3 / MicroInstruction: DataStackPush, LatchAR, ARSelectPC, LatchMPCounter, MicroProgramCounterNext 

  Stack (size = 4): [11 | 11, 11, 0]

  Return stack (size = 1): [16]

  PC: 2 AR: 2 BR: 0



  [INFO]: ru.rmntim.csa4.comp.ControlUnit - 

  TICK 20 -- MPC: 4 / MicroInstruction: LatchTOS, TOSSelectMemory, LatchMPCounter, MicroProgramCounterZero, LatchPC, PCJumpTypeNext 

  Stack (size = 4): [1 | 11, 11, 0]

  Return stack (size = 1): [16]

  PC: 3 AR: 2 BR: 0

  MEMORY READ VALUE: AR: 2 ---> OperandInstruction(opcode=LIT, operand=1)



  [INFO]: ru.rmntim.csa4.comp.ControlUnit - NOW EXECUTING INSTRUCTION PC: 3 --> SUB

  [INFO]: ru.rmntim.csa4.comp.ControlUnit - 

  TICK 21 -- MPC: 0 / MicroInstruction: LatchAR, ARSelectPC, LatchMPCounter, MicroProgramCounterNext 

  Stack (size = 4): [1 | 11, 11, 0]

  Return stack (size = 1): [16]

  PC: 3 AR: 3 BR: 0



  [INFO]: ru.rmntim.csa4.comp.ControlUnit - 

  TICK 22 -- MPC: 1 / MicroInstruction: LatchMPCounter, MicroProgramCounterOpcode 

  Stack (size = 4): [1 | 11, 11, 0]

  Return stack (size = 1): [16]

  PC: 3 AR: 3 BR: 0



  [INFO]: ru.rmntim.csa4.comp.ControlUnit - 

  TICK 23 -- MPC: 14 / MicroInstruction: ALUSub, ALULeftOPDataStack, TOSSelectALU, LatchTOS, LatchMPCounter, MicroProgramCounterNext 

  Stack (size = 4): [10 | 11, 11, 0]

  Return stack (size = 1): [16]

  PC: 3 AR: 3 BR: 0



  [INFO]: ru.rmntim.csa4.comp.ControlUnit - 

  TICK 24 -- MPC: 15 / MicroInstruction: DataStackPop, LatchMPCounter, MicroProgramCounterZero, LatchPC, PCJumpTypeNext 

  Stack (size = 3): [10 | 11, 0]

  Return stack (size = 1): [16]

  PC: 4 AR: 3 BR: 0



  [INFO]: ru.rmntim.csa4.comp.ControlUnit - NOW EXECUTING INSTRUCTION PC: 4 --> LIT 12

  [INFO]: ru.rmntim.csa4.comp.ControlUnit - 

  TICK 25 -- MPC: 0 / MicroInstruction: LatchAR, ARSelectPC, LatchMPCounter, MicroProgramCounterNext 

  Stack (size = 3): [10 | 11, 0]

  Return stack (size = 1): [16]

  PC: 4 AR: 4 BR: 0



  [INFO]: ru.rmntim.csa4.comp.ControlUnit - 

  TICK 26 -- MPC: 1 / MicroInstruction: LatchMPCounter, MicroProgramCounterOpcode 

  Stack (size = 3): [10 | 11, 0]

  Return stack (size = 1): [16]

  PC: 4 AR: 4 BR: 0



  [INFO]: ru.rmntim.csa4.comp.ControlUnit - 

  TICK 27 -- MPC: 3 / MicroInstruction: DataStackPush, LatchAR, ARSelectPC, LatchMPCounter, MicroProgramCounterNext 

  Stack (size = 4): [10 | 10, 11, 0]

  Return stack (size = 1): [16]

  PC: 4 AR: 4 BR: 0



  [INFO]: ru.rmntim.csa4.comp.ControlUnit - 

  TICK 28 -- MPC: 4 / MicroInstruction: LatchTOS, TOSSelectMemory, LatchMPCounter, MicroProgramCounterZero, LatchPC, PCJumpTypeNext 

  Stack (size = 4): [12 | 10, 11, 0]

  Return stack (size = 1): [16]

  PC: 5 AR: 4 BR: 0

  MEMORY READ VALUE: AR: 4 ---> OperandInstruction(opcode=LIT, operand=12)



  [INFO]: ru.rmntim.csa4.comp.ControlUnit - NOW EXECUTING INSTRUCTION PC: 5 --> SWAP

  [INFO]: ru.rmntim.csa4.comp.ControlUnit - 

  TICK 29 -- MPC: 0 / MicroInstruction: LatchAR, ARSelectPC, LatchMPCounter, MicroProgramCounterNext 

  Stack (size = 4): [12 | 10, 11, 0]

  Return stack (size = 1): [16]

  PC: 5 AR: 5 BR: 0



  [INFO]: ru.rmntim.csa4.comp.ControlUnit - 

  TICK 30 -- MPC: 1 / MicroInstruction: LatchMPCounter, MicroProgramCounterOpcode 

  Stack (size = 4): [12 | 10, 11, 0]

  Return stack (size = 1): [16]

  PC: 5 AR: 5 BR: 0



  [INFO]: ru.rmntim.csa4.comp.ControlUnit - 

  TICK 31 -- MPC: 27 / MicroInstruction: LatchBR, LatchMPCounter, MicroProgramCounterNext 

  Stack (size = 4): [12 | 10, 11, 0]

  Return stack (size = 1): [16]

  PC: 5 AR: 5 BR: 10



  [INFO]: ru.rmntim.csa4.comp.ControlUnit - 

  TICK 32 -- MPC: 28 / MicroInstruction: DataStackPop, LatchMPCounter, MicroProgramCounterNext 

  Stack (size = 3): [12 | 11, 0]

  Return stack (size = 1): [16]

  PC: 5 AR: 5 BR: 10



  [INFO]: ru.rmntim.csa4.comp.ControlUnit - 

  TICK 33 -- MPC: 29 / MicroInstruction: DataStackPush, LatchMPCounter, MicroProgramCounterNext 

  Stack (size = 4): [12 | 12, 11, 0]

  Return stack (size = 1): [16]

  PC: 5 AR: 5 BR: 10



  [INFO]: ru.rmntim.csa4.comp.ControlUnit - 

  TICK 34 -- MPC: 30 / MicroInstruction: LatchTOS, TOSSelectBR, LatchMPCounter, MicroProgramCounterZero, LatchPC, PCJumpTypeNext 

  Stack (size = 4): [10 | 12, 11, 0]

  Return stack (size = 1): [16]

  PC: 6 AR: 5 BR: 10



  [INFO]: ru.rmntim.csa4.comp.ControlUnit - NOW EXECUTING INSTRUCTION PC: 6 --> JZ

  [INFO]: ru.rmntim.csa4.comp.ControlUnit - 

  TICK 35 -- MPC: 0 / MicroInstruction: LatchAR, ARSelectPC, LatchMPCounter, MicroProgramCounterNext 

  Stack (size = 4): [10 | 12, 11, 0]

  Return stack (size = 1): [16]

  PC: 6 AR: 6 BR: 10



  [INFO]: ru.rmntim.csa4.comp.ControlUnit - 

  TICK 36 -- MPC: 1 / MicroInstruction: LatchMPCounter, MicroProgramCounterOpcode 

  Stack (size = 4): [10 | 12, 11, 0]

  Return stack (size = 1): [16]

  PC: 6 AR: 6 BR: 10



  [INFO]: ru.rmntim.csa4.comp.ControlUnit - 

  TICK 37 -- MPC: 44 / MicroInstruction: LatchPC, PCJumpTypeJZ, LatchMPCounter, MicroProgramCounterNext 

  Stack (size = 4): [10 | 12, 11, 0]

  Return stack (size = 1): [16]

  PC: 7 AR: 6 BR: 10



  [INFO]: ru.rmntim.csa4.comp.ControlUnit - 

  TICK 38 -- MPC: 45 / MicroInstruction: DataStackPop, LatchMPCounter, MicroProgramCounterNext 

  Stack (size = 3): [10 | 11, 0]

  Return stack (size = 1): [16]

  PC: 7 AR: 6 BR: 10



  [INFO]: ru.rmntim.csa4.comp.ControlUnit - 

  TICK 39 -- MPC: 46 / MicroInstruction: LatchTOS, TOSSelectDS, LatchMPCounter, MicroProgramCounterNext 

  Stack (size = 3): [11 | 11, 0]

  Return stack (size = 1): [16]

  PC: 7 AR: 6 BR: 10



  [INFO]: ru.rmntim.csa4.comp.ControlUnit - 

  TICK 40 -- MPC: 47 / MicroInstruction: DataStackPop, LatchMPCounter, MicroProgramCounterZero 

  Stack (size = 2): [11 | 0]

  Return stack (size = 1): [16]

  PC: 7 AR: 6 BR: 10



  [INFO]: ru.rmntim.csa4.comp.ControlUnit - NOW EXECUTING INSTRUCTION PC: 7 --> DUP

  [INFO]: ru.rmntim.csa4.comp.ControlUnit - 

  TICK 41 -- MPC: 0 / MicroInstruction: LatchAR, ARSelectPC, LatchMPCounter, MicroProgramCounterNext 

  Stack (size = 2): [11 | 0]

  Return stack (size = 1): [16]

  PC: 7 AR: 7 BR: 10



  [INFO]: ru.rmntim.csa4.comp.ControlUnit - 

  TICK 42 -- MPC: 1 / MicroInstruction: LatchMPCounter, MicroProgramCounterOpcode 

  Stack (size = 2): [11 | 0]

  Return stack (size = 1): [16]

  PC: 7 AR: 7 BR: 10



  [INFO]: ru.rmntim.csa4.comp.ControlUnit - 

  TICK 43 -- MPC: 26 / MicroInstruction: DataStackPush, LatchMPCounter, MicroProgramCounterZero, LatchPC, PCJumpTypeNext 

  Stack (size = 3): [11 | 11, 0]

  Return stack (size = 1): [16]

  PC: 8 AR: 7 BR: 10



  [INFO]: ru.rmntim.csa4.comp.ControlUnit - NOW EXECUTING INSTRUCTION PC: 8 --> DEC

  [INFO]: ru.rmntim.csa4.comp.ControlUnit - 

  TICK 44 -- MPC: 0 / MicroInstruction: LatchAR, ARSelectPC, LatchMPCounter, MicroProgramCounterNext 

  Stack (size = 3): [11 | 11, 0]

  Return stack (size = 1): [16]

  PC: 8 AR: 8 BR: 10



  [INFO]: ru.rmntim.csa4.comp.ControlUnit - 

  TICK 45 -- MPC: 1 / MicroInstruction: LatchMPCounter, MicroProgramCounterOpcode 

  Stack (size = 3): [11 | 11, 0]

  Return stack (size = 1): [16]

  PC: 8 AR: 8 BR: 10



  [INFO]: ru.rmntim.csa4.comp.ControlUnit - 

  TICK 46 -- MPC: 23 / MicroInstruction: ALUMinus1, ALUSum, ALULeftOPZero, TOSSelectALU, LatchTOS, LatchMPCounter, MicroProgramCounterZero, LatchPC, PCJumpTypeNext 

  Stack (size = 3): [10 | 11, 0]

  Return stack (size = 1): [16]

  PC: 9 AR: 8 BR: 10



  [INFO]: ru.rmntim.csa4.comp.ControlUnit - NOW EXECUTING INSTRUCTION PC: 9 --> LIT 1

  [INFO]: ru.rmntim.csa4.comp.ControlUnit - 

  TICK 47 -- MPC: 0 / MicroInstruction: LatchAR, ARSelectPC, LatchMPCounter, MicroProgramCounterNext 

  Stack (size = 3): [10 | 11, 0]

  Return stack (size = 1): [16]

  PC: 9 AR: 9 BR: 10



  [INFO]: ru.rmntim.csa4.comp.ControlUnit - 

  TICK 48 -- MPC: 1 / MicroInstruction: LatchMPCounter, MicroProgramCounterOpcode 

  Stack (size = 3): [10 | 11, 0]

  Return stack (size = 1): [16]

  PC: 9 AR: 9 BR: 10



  [INFO]: ru.rmntim.csa4.comp.ControlUnit - 

  TICK 49 -- MPC: 3 / MicroInstruction: DataStackPush, LatchAR, ARSelectPC, LatchMPCounter, MicroProgramCounterNext 

  Stack (size = 4): [10 | 10, 11, 0]

  Return stack (size = 1): [16]

  PC: 9 AR: 9 BR: 10



  [INFO]: ru.rmntim.csa4.comp.ControlUnit - 

  TICK 50 -- MPC: 4 / MicroInstruction: LatchTOS, TOSSelectMemory, LatchMPCounter, MicroProgramCounterZero, LatchPC, PCJumpTypeNext 

  Stack (size = 4): [1 | 10, 11, 0]

  Return stack (size = 1): [16]

  PC: 10 AR: 9 BR: 10

  MEMORY READ VALUE: AR: 9 ---> OperandInstruction(opcode=LIT, operand=1)



  [INFO]: ru.rmntim.csa4.comp.ControlUnit - NOW EXECUTING INSTRUCTION PC: 10 --> CALL

  [INFO]: ru.rmntim.csa4.comp.ControlUnit - 

  TICK 51 -- MPC: 0 / MicroInstruction: LatchAR, ARSelectPC, LatchMPCounter, MicroProgramCounterNext 

  Stack (size = 4): [1 | 10, 11, 0]

  Return stack (size = 1): [16]

  PC: 10 AR: 10 BR: 10



  [INFO]: ru.rmntim.csa4.comp.ControlUnit - 

  TICK 52 -- MPC: 1 / MicroInstruction: LatchMPCounter, MicroProgramCounterOpcode 

  Stack (size = 4): [1 | 10, 11, 0]

  Return stack (size = 1): [16]

  PC: 10 AR: 10 BR: 10



  [INFO]: ru.rmntim.csa4.comp.ControlUnit - 

  TICK 53 -- MPC: 55 / MicroInstruction: ReturnStackPush, LatchMPCounter, MicroProgramCounterNext 

  Stack (size = 4): [1 | 10, 11, 0]

  Return stack (size = 2): [11, 16]

  PC: 10 AR: 10 BR: 10



  [INFO]: ru.rmntim.csa4.comp.ControlUnit - 

  TICK 54 -- MPC: 56 / MicroInstruction: LatchPC, PCJumpTypeTOS, LatchMPCounter, MicroProgramCounterNext 

  Stack (size = 4): [1 | 10, 11, 0]

  Return stack (size = 2): [11, 16]

  PC: 1 AR: 10 BR: 10



  [INFO]: ru.rmntim.csa4.comp.ControlUnit - 

  TICK 55 -- MPC: 57 / MicroInstruction: LatchTOS, TOSSelectDS, LatchMPCounter, MicroProgramCounterNext 

  Stack (size = 4): [10 | 10, 11, 0]

  Return stack (size = 2): [11, 16]

  PC: 1 AR: 10 BR: 10



  [INFO]: ru.rmntim.csa4.comp.ControlUnit - 

  TICK 56 -- MPC: 58 / MicroInstruction: DataStackPop, LatchMPCounter, MicroProgramCounterZero 

  Stack (size = 3): [10 | 11, 0]

  Return stack (size = 2): [11, 16]

  PC: 1 AR: 10 BR: 10



  [INFO]: ru.rmntim.csa4.comp.ControlUnit - NOW EXECUTING INSTRUCTION PC: 1 --> DUP

  [INFO]: ru.rmntim.csa4.comp.ControlUnit - 

  TICK 57 -- MPC: 0 / MicroInstruction: LatchAR, ARSelectPC, LatchMPCounter, MicroProgramCounterNext 

  Stack (size = 3): [10 | 11, 0]

  Return stack (size = 2): [11, 16]

  PC: 1 AR: 1 BR: 10



  [INFO]: ru.rmntim.csa4.comp.ControlUnit - 

  TICK 58 -- MPC: 1 / MicroInstruction: LatchMPCounter, MicroProgramCounterOpcode 

  Stack (size = 3): [10 | 11, 0]

  Return stack (size = 2): [11, 16]

  PC: 1 AR: 1 BR: 10



  [INFO]: ru.rmntim.csa4.comp.ControlUnit - 

  TICK 59 -- MPC: 26 / MicroInstruction: DataStackPush, LatchMPCounter, MicroProgramCounterZero, LatchPC, PCJumpTypeNext 

  Stack (size = 4): [10 | 10, 11, 0]

  Return stack (size = 2): [11, 16]

  PC: 2 AR: 1 BR: 10



  [INFO]: ru.rmntim.csa4.comp.ControlUnit - NOW EXECUTING INSTRUCTION PC: 2 --> LIT 1

  [INFO]: ru.rmntim.csa4.comp.ControlUnit - 

  TICK 60 -- MPC: 0 / MicroInstruction: LatchAR, ARSelectPC, LatchMPCounter, MicroProgramCounterNext 

  Stack (size = 4): [10 | 10, 11, 0]

  Return stack (size = 2): [11, 16]

  PC: 2 AR: 2 BR: 10



  [INFO]: ru.rmntim.csa4.comp.ControlUnit - 

  TICK 61 -- MPC: 1 / MicroInstruction: LatchMPCounter, MicroProgramCounterOpcode 

  Stack (size = 4): [10 | 10, 11, 0]

  Return stack (size = 2): [11, 16]

  PC: 2 AR: 2 BR: 10



  [INFO]: ru.rmntim.csa4.comp.ControlUnit - 

  TICK 62 -- MPC: 3 / MicroInstruction: DataStackPush, LatchAR, ARSelectPC, LatchMPCounter, MicroProgramCounterNext 

  Stack (size = 5): [10 | 10, 10, 11]

  Return stack (size = 2): [11, 16]

  PC: 2 AR: 2 BR: 10



  [INFO]: ru.rmntim.csa4.comp.ControlUnit - 

  TICK 63 -- MPC: 4 / MicroInstruction: LatchTOS, TOSSelectMemory, LatchMPCounter, MicroProgramCounterZero, LatchPC, PCJumpTypeNext 

  Stack (size = 5): [1 | 10, 10, 11]

  Return stack (size = 2): [11, 16]

  PC: 3 AR: 2 BR: 10

  MEMORY READ VALUE: AR: 2 ---> OperandInstruction(opcode=LIT, operand=1)



  [INFO]: ru.rmntim.csa4.comp.ControlUnit - NOW EXECUTING INSTRUCTION PC: 3 --> SUB

  [INFO]: ru.rmntim.csa4.comp.ControlUnit - 

  TICK 64 -- MPC: 0 / MicroInstruction: LatchAR, ARSelectPC, LatchMPCounter, MicroProgramCounterNext 

  Stack (size = 5): [1 | 10, 10, 11]

  Return stack (size = 2): [11, 16]

  PC: 3 AR: 3 BR: 10



  [INFO]: ru.rmntim.csa4.comp.ControlUnit - 

  TICK 65 -- MPC: 1 / MicroInstruction: LatchMPCounter, MicroProgramCounterOpcode 

  Stack (size = 5): [1 | 10, 10, 11]

  Return stack (size = 2): [11, 16]

  PC: 3 AR: 3 BR: 10



  [INFO]: ru.rmntim.csa4.comp.ControlUnit - 

  TICK 66 -- MPC: 14 / MicroInstruction: ALUSub, ALULeftOPDataStack, TOSSelectALU, LatchTOS, LatchMPCounter, MicroProgramCounterNext 

  Stack (size = 5): [9 | 10, 10, 11]

  Return stack (size = 2): [11, 16]

  PC: 3 AR: 3 BR: 10



  [INFO]: ru.rmntim.csa4.comp.ControlUnit - 

  TICK 67 -- MPC: 15 / MicroInstruction: DataStackPop, LatchMPCounter, MicroProgramCounterZero, LatchPC, PCJumpTypeNext 

  Stack (size = 4): [9 | 10, 11, 0]

  Return stack (size = 2): [11, 16]

  PC: 4 AR: 3 BR: 10



  [INFO]: ru.rmntim.csa4.comp.ControlUnit - NOW EXECUTING INSTRUCTION PC: 4 --> LIT 12

  [INFO]: ru.rmntim.csa4.comp.ControlUnit - 

  TICK 68 -- MPC: 0 / MicroInstruction: LatchAR, ARSelectPC, LatchMPCounter, MicroProgramCounterNext 

  Stack (size = 4): [9 | 10, 11, 0]

  Return stack (size = 2): [11, 16]

  PC: 4 AR: 4 BR: 10



  [INFO]: ru.rmntim.csa4.comp.ControlUnit - 

  TICK 69 -- MPC: 1 / MicroInstruction: LatchMPCounter, MicroProgramCounterOpcode 

  Stack (size = 4): [9 | 10, 11, 0]

  Return stack (size = 2): [11, 16]

  PC: 4 AR: 4 BR: 10



  [INFO]: ru.rmntim.csa4.comp.ControlUnit - 

  TICK 70 -- MPC: 3 / MicroInstruction: DataStackPush, LatchAR, ARSelectPC, LatchMPCounter, MicroProgramCounterNext 

  Stack (size = 5): [9 | 9, 10, 11]

  Return stack (size = 2): [11, 16]

  PC: 4 AR: 4 BR: 10



  [INFO]: ru.rmntim.csa4.comp.ControlUnit - 

  TICK 71 -- MPC: 4 / MicroInstruction: LatchTOS, TOSSelectMemory, LatchMPCounter, MicroProgramCounterZero, LatchPC, PCJumpTypeNext 

  Stack (size = 5): [12 | 9, 10, 11]

  Return stack (size = 2): [11, 16]

  PC: 5 AR: 4 BR: 10

  MEMORY READ VALUE: AR: 4 ---> OperandInstruction(opcode=LIT, operand=12)



  [INFO]: ru.rmntim.csa4.comp.ControlUnit - NOW EXECUTING INSTRUCTION PC: 5 --> SWAP

  [INFO]: ru.rmntim.csa4.comp.ControlUnit - 

  TICK 72 -- MPC: 0 / MicroInstruction: LatchAR, ARSelectPC, LatchMPCounter, MicroProgramCounterNext 

  Stack (size = 5): [12 | 9, 10, 11]

  Return stack (size = 2): [11, 16]

  PC: 5 AR: 5 BR: 10



  [INFO]: ru.rmntim.csa4.comp.ControlUnit - 

  TICK 73 -- MPC: 1 / MicroInstruction: LatchMPCounter, MicroProgramCounterOpcode 

  Stack (size = 5): [12 | 9, 10, 11]

  Return stack (size = 2): [11, 16]

  PC: 5 AR: 5 BR: 10



  [INFO]: ru.rmntim.csa4.comp.ControlUnit - 

  TICK 74 -- MPC: 27 / MicroInstruction: LatchBR, LatchMPCounter, MicroProgramCounterNext 

  Stack (size = 5): [12 | 9, 10, 11]

  Return stack (size = 2): [11, 16]

  PC: 5 AR: 5 BR: 9



  [INFO]: ru.rmntim.csa4.comp.ControlUnit - 

  TICK 75 -- MPC: 28 / MicroInstruction: DataStackPop, LatchMPCounter, MicroProgramCounterNext 

  Stack (size = 4): [12 | 10, 11, 0]

  Return stack (size = 2): [11, 16]

  PC: 5 AR: 5 BR: 9



  [INFO]: ru.rmntim.csa4.comp.ControlUnit - 

  TICK 76 -- MPC: 29 / MicroInstruction: DataStackPush, LatchMPCounter, MicroProgramCounterNext 

  Stack (size = 5): [12 | 12, 10, 11]

  Return stack (size = 2): [11, 16]

  PC: 5 AR: 5 BR: 9



  [INFO]: ru.rmntim.csa4.comp.ControlUnit - 

  TICK 77 -- MPC: 30 / MicroInstruction: LatchTOS, TOSSelectBR, LatchMPCounter, MicroProgramCounterZero, LatchPC, PCJumpTypeNext 

  Stack (size = 5): [9 | 12, 10, 11]

  Return stack (size = 2): [11, 16]

  PC: 6 AR: 5 BR: 9



  [INFO]: ru.rmntim.csa4.comp.ControlUnit - NOW EXECUTING INSTRUCTION PC: 6 --> JZ

  [INFO]: ru.rmntim.csa4.comp.ControlUnit - 

  TICK 78 -- MPC: 0 / MicroInstruction: LatchAR, ARSelectPC, LatchMPCounter, MicroProgramCounterNext 

  Stack (size = 5): [9 | 12, 10, 11]

  Return stack (size = 2): [11, 16]

  PC: 6 AR: 6 BR: 9


...
