in_source: |
  port:
      word 1
  start:
      lit 999             ; i
  outer_loop:
      dup                 ; i i
      lit 100             ; i i 100
      sub                 ; i i-100
      lit end_outer       ; i i-100 end_outer
      swap                ; i end_outer i-100
      jn                  ; i

      lit 999             ; i j
  inner_loop:
      dup                 ; i j j
      lit 100             ; i j j 100
      sub                 ; i j j-100
      lit end_inner       ; i j j-100 end_inner
      swap                ; i j end_inner j-100
      jn                  ; i j

      swap                ; j i
      over                ; i j i
      swap                ; i i j
      over                ; i j i j
      mul                 ; i j i*j

      dup                 ; i j i*j i*j
      lit is_palindrome   ; i j i*j i*j is_palindrome
      call                ; i j i*j is_palindrome_res
      lit found           ; i j i*j is_palindrome_res found
      swap                ; i j i*j found is_palindrome_res
      jz                  ; i j i*j

      drop                ; i j
      dec                 ; i j-1
      lit inner_loop      ; i j-1 inner_loop
      jump                ; i j-1
  end_inner:
      drop                ; i
      dec                 ; i-1
      lit outer_loop      ; i-1 outer_loop
      jump
  end_outer:
      inc                 ; i+1
      dup                 ; i+1 i+1
      mul                 ; i+1*i+1
      lit end             ; i+1*i+1 end
      jump                ; i+1*i+1
  found:
      swap                ; i i*j j
      drop                ; i i*j
      swap                ; i*j i
      drop                ; i*j
  end:
      lit print_number    ; i*j print_number
      call                ; 
      halt

  ; is_palindrome => 0 if yes, else non-zero
  orig:
      word 0
  rev:
      word 0
  is_palindrome:
      dup                         ; arg arg
      lit orig                    ; arg arg orig_addr
      store                       ; arg
      lit 0                       ; arg 0
      lit rev                     ; arg 0 rev_addr
      store                       ; arg
  is_palindrome_loop:
      dup                         ; arg arg
      lit palindrome_check        ; arg arg palindrome_check
      swap                        ; arg palindrome_check arg
      jz                          ; arg

      dup                         ; arg arg
      lit 10                      ; arg arg 10
      mod                         ; arg arg%10

      lit rev                     ; arg arg%10 rev_addr
      load                        ; arg arg%10 rev
      lit 10                      ; arg arg%10 rev 10
      mul                         ; arg arg%10 rev*10

      add                         ; arg arg%10+rev*10
      lit rev                     ; arg arg%10+rev*10 rev_addr
      store                       ; arg

      lit 10                      ; arg 10
      div                         ; arg/10
      lit is_palindrome_loop      ; arg/10 is_palindrome_loop
      jump                        ; arg/10
  palindrome_check:
      drop                        ;
      lit orig                    ; orig_addr
      load                        ; orig
      lit rev                     ; orig rev_addr
      load                        ; orig rev
      sub                         ; orig-rev
      ret

  print_digit:
      lit 48              ; arg 48
      add                 ; arg -> char
      lit port            ; char port_addr
      load                ; char port
      out                 ;
      ret                 ;
  print_number:
      lit -1              ; num -1
      swap                ; -1 num
      dup                 ; -1 num num
      lit negate          ; -1 num num negate
      swap                ; -1 num negate num
      jn                  ; -1 num
      lit loop1           ; -1 num loop1
      jump                ; -1 num
  negate:
      lit 45              ; [...] 45
      lit port            ; [...] 45 port_a
      load                ; [...] 45 port
      out                 ; [...]
      lit -1              ; 0 num -1
      mul                 ; 0 -num -> num
  loop1:
      dup                 ; 0 num num
      lit 10              ; 0 num num 10
      mod                 ; 0 num digit
      swap                ; 0 digit num
      lit 10              ; 0 digit num 10
      div                 ; 0 digit num/10 -> num
      over                ; 0 num digit num
      lit loop1exit       ; [...] num loop2
      swap                ; [...] loop2 num
      jz                  ; [...] num digit
      swap
      lit loop1           ; [...] num loop1
      jump                ; [...] num
  loop1exit:
      swap                ; [...] 0 digit
      drop                ; [...] digit
  loop2:
      dup                 ; digit digit
      lit break           ; digit digit break
      swap                ; digit break digit
      jn                  ; digit
      lit print_digit     ; digit print_digit
      call                ; digit
      lit loop2           ; loop2
      jump                ;
  break:
      ret                 ;
in_stdin: |
  <no input>
out_stdout: |-
  580085
out_log: |
  [INFO]: ru.rmntim.csa4.comp.ControlUnit - 

  TICK 2583588 -- MPC: 0 / MicroInstruction: LatchAR, ARSelectPC, LatchMPCounter, MicroProgramCounterNext 

  Stack (size = 7): [47 | 57812, 62, 621875]

  Return stack (size = 1): [23]

  PC: 67 AR: 67 BR: 62



  [INFO]: ru.rmntim.csa4.comp.ControlUnit - 

  TICK 2583589 -- MPC: 1 / MicroInstruction: LatchMPCounter, MicroProgramCounterOpcode 

  Stack (size = 7): [47 | 57812, 62, 621875]

  Return stack (size = 1): [23]

  PC: 67 AR: 67 BR: 62



  [INFO]: ru.rmntim.csa4.comp.ControlUnit - 

  TICK 2583590 -- MPC: 7 / MicroInstruction: LatchAR, ARSelectTOS, LatchMPCounter, MicroProgramCounterNext 

  Stack (size = 7): [47 | 57812, 62, 621875]

  Return stack (size = 1): [23]

  PC: 67 AR: 47 BR: 62



  [INFO]: ru.rmntim.csa4.comp.DataPath - MEMORY WRITTEN VALUE: AR: 47 <--- 57812

  [INFO]: ru.rmntim.csa4.comp.ControlUnit - 

  TICK 2583591 -- MPC: 8 / MicroInstruction: MemoryWrite, LatchMPCounter, MicroProgramCounterNext 

  Stack (size = 7): [47 | 57812, 62, 621875]

  Return stack (size = 1): [23]

  PC: 67 AR: 47 BR: 62



  [INFO]: ru.rmntim.csa4.comp.ControlUnit - 

  TICK 2583592 -- MPC: 9 / MicroInstruction: DataStackPop, LatchMPCounter, MicroProgramCounterNext 

  Stack (size = 6): [47 | 62, 621875, 625]

  Return stack (size = 1): [23]

  PC: 67 AR: 47 BR: 62



  [INFO]: ru.rmntim.csa4.comp.ControlUnit - 

  TICK 2583593 -- MPC: 10 / MicroInstruction: LatchTOS, TOSSelectDS, LatchMPCounter, MicroProgramCounterNext 

  Stack (size = 6): [62 | 62, 621875, 625]

  Return stack (size = 1): [23]

  PC: 67 AR: 47 BR: 62



  [INFO]: ru.rmntim.csa4.comp.ControlUnit - 

  TICK 2583594 -- MPC: 11 / MicroInstruction: DataStackPop, LatchMPCounter, MicroProgramCounterZero, LatchPC, PCJumpTypeNext 

  Stack (size = 5): [62 | 621875, 625, 995]

  Return stack (size = 1): [23]

  PC: 68 AR: 47 BR: 62



  [INFO]: ru.rmntim.csa4.comp.ControlUnit - NOW EXECUTING INSTRUCTION PC: 68 --> LIT 10

  [INFO]: ru.rmntim.csa4.comp.ControlUnit - 

  TICK 2583595 -- MPC: 0 / MicroInstruction: LatchAR, ARSelectPC, LatchMPCounter, MicroProgramCounterNext 

  Stack (size = 5): [62 | 621875, 625, 995]

  Return stack (size = 1): [23]

  PC: 68 AR: 68 BR: 62



  [INFO]: ru.rmntim.csa4.comp.ControlUnit - 

  TICK 2583596 -- MPC: 1 / MicroInstruction: LatchMPCounter, MicroProgramCounterOpcode 

  Stack (size = 5): [62 | 621875, 625, 995]

  Return stack (size = 1): [23]

  PC: 68 AR: 68 BR: 62



  [INFO]: ru.rmntim.csa4.comp.ControlUnit - 

  TICK 2583597 -- MPC: 3 / MicroInstruction: DataStackPush, LatchAR, ARSelectPC, LatchMPCounter, MicroProgramCounterNext 

  Stack (size = 6): [62 | 62, 621875, 625]

  Return stack (size = 1): [23]

  PC: 68 AR: 68 BR: 62



  [INFO]: ru.rmntim.csa4.comp.ControlUnit - 

  TICK 2583598 -- MPC: 4 / MicroInstruction: LatchTOS, TOSSelectMemory, LatchMPCounter, MicroProgramCounterZero, LatchPC, PCJumpTypeNext 

  Stack (size = 6): [10 | 62, 621875, 625]

  Return stack (size = 1): [23]

  PC: 69 AR: 68 BR: 62

  MEMORY READ VALUE: AR: 68 ---> OperandInstruction(opcode=LIT, operand=10)



  [INFO]: ru.rmntim.csa4.comp.ControlUnit - NOW EXECUTING INSTRUCTION PC: 69 --> DIV

  [INFO]: ru.rmntim.csa4.comp.ControlUnit - 

  TICK 2583599 -- MPC: 0 / MicroInstruction: LatchAR, ARSelectPC, LatchMPCounter, MicroProgramCounterNext 

  Stack (size = 6): [10 | 62, 621875, 625]

  Return stack (size = 1): [23]

  PC: 69 AR: 69 BR: 62



  [INFO]: ru.rmntim.csa4.comp.ControlUnit - 

  TICK 2583600 -- MPC: 1 / MicroInstruction: LatchMPCounter, MicroProgramCounterOpcode 

  Stack (size = 6): [10 | 62, 621875, 625]

  Return stack (size = 1): [23]

  PC: 69 AR: 69 BR: 62



  [INFO]: ru.rmntim.csa4.comp.ControlUnit - 

  TICK 2583601 -- MPC: 18 / MicroInstruction: ALUDiv, ALULeftOPDataStack, TOSSelectALU, LatchTOS, LatchMPCounter, MicroProgramCounterNext 

  Stack (size = 6): [6 | 62, 621875, 625]

  Return stack (size = 1): [23]

  PC: 69 AR: 69 BR: 62



  [INFO]: ru.rmntim.csa4.comp.ControlUnit - 

  TICK 2583602 -- MPC: 19 / MicroInstruction: DataStackPop, LatchMPCounter, MicroProgramCounterZero, LatchPC, PCJumpTypeNext 

  Stack (size = 5): [6 | 621875, 625, 995]

  Return stack (size = 1): [23]

  PC: 70 AR: 69 BR: 62



  [INFO]: ru.rmntim.csa4.comp.ControlUnit - NOW EXECUTING INSTRUCTION PC: 70 --> LIT 54

  [INFO]: ru.rmntim.csa4.comp.ControlUnit - 

  TICK 2583603 -- MPC: 0 / MicroInstruction: LatchAR, ARSelectPC, LatchMPCounter, MicroProgramCounterNext 

  Stack (size = 5): [6 | 621875, 625, 995]

  Return stack (size = 1): [23]

  PC: 70 AR: 70 BR: 62



  [INFO]: ru.rmntim.csa4.comp.ControlUnit - 

  TICK 2583604 -- MPC: 1 / MicroInstruction: LatchMPCounter, MicroProgramCounterOpcode 

  Stack (size = 5): [6 | 621875, 625, 995]

  Return stack (size = 1): [23]

  PC: 70 AR: 70 BR: 62



  [INFO]: ru.rmntim.csa4.comp.ControlUnit - 

  TICK 2583605 -- MPC: 3 / MicroInstruction: DataStackPush, LatchAR, ARSelectPC, LatchMPCounter, MicroProgramCounterNext 

  Stack (size = 6): [6 | 6, 621875, 625]

  Return stack (size = 1): [23]

  PC: 70 AR: 70 BR: 62



  [INFO]: ru.rmntim.csa4.comp.ControlUnit - 

  TICK 2583606 -- MPC: 4 / MicroInstruction: LatchTOS, TOSSelectMemory, LatchMPCounter, MicroProgramCounterZero, LatchPC, PCJumpTypeNext 

  Stack (size = 6): [54 | 6, 621875, 625]

  Return stack (size = 1): [23]

  PC: 71 AR: 70 BR: 62

  MEMORY READ VALUE: AR: 70 ---> OperandInstruction(opcode=LIT, operand=54)



  [INFO]: ru.rmntim.csa4.comp.ControlUnit - NOW EXECUTING INSTRUCTION PC: 71 --> JUMP

  [INFO]: ru.rmntim.csa4.comp.ControlUnit - 

  TICK 2583607 -- MPC: 0 / MicroInstruction: LatchAR, ARSelectPC, LatchMPCounter, MicroProgramCounterNext 

  Stack (size = 6): [54 | 6, 621875, 625]

  Return stack (size = 1): [23]

  PC: 71 AR: 71 BR: 62



  [INFO]: ru.rmntim.csa4.comp.ControlUnit - 

  TICK 2583608 -- MPC: 1 / MicroInstruction: LatchMPCounter, MicroProgramCounterOpcode 

  Stack (size = 6): [54 | 6, 621875, 625]

  Return stack (size = 1): [23]

  PC: 71 AR: 71 BR: 62



  [INFO]: ru.rmntim.csa4.comp.ControlUnit - 

  TICK 2583609 -- MPC: 52 / MicroInstruction: LatchPC, PCJumpTypeTOS, LatchMPCounter, MicroProgramCounterNext 

  Stack (size = 6): [54 | 6, 621875, 625]

  Return stack (size = 1): [23]

  PC: 54 AR: 71 BR: 62



  [INFO]: ru.rmntim.csa4.comp.ControlUnit - 

  TICK 2583610 -- MPC: 53 / MicroInstruction: LatchTOS, TOSSelectDS, LatchMPCounter, MicroProgramCounterNext 

  Stack (size = 6): [6 | 6, 621875, 625]

  Return stack (size = 1): [23]

  PC: 54 AR: 71 BR: 62



  [INFO]: ru.rmntim.csa4.comp.ControlUnit - 

  TICK 2583611 -- MPC: 54 / MicroInstruction: DataStackPop, LatchMPCounter, MicroProgramCounterZero 

  Stack (size = 5): [6 | 621875, 625, 995]

  Return stack (size = 1): [23]

  PC: 54 AR: 71 BR: 62



  [INFO]: ru.rmntim.csa4.comp.ControlUnit - NOW EXECUTING INSTRUCTION PC: 54 --> DUP

  [INFO]: ru.rmntim.csa4.comp.ControlUnit - 

  TICK 2583612 -- MPC: 0 / MicroInstruction: LatchAR, ARSelectPC, LatchMPCounter, MicroProgramCounterNext 

  Stack (size = 5): [6 | 621875, 625, 995]

  Return stack (size = 1): [23]

  PC: 54 AR: 54 BR: 62



  [INFO]: ru.rmntim.csa4.comp.ControlUnit - 

  TICK 2583613 -- MPC: 1 / MicroInstruction: LatchMPCounter, MicroProgramCounterOpcode 

  Stack (size = 5): [6 | 621875, 625, 995]

  Return stack (size = 1): [23]

  PC: 54 AR: 54 BR: 62



  [INFO]: ru.rmntim.csa4.comp.ControlUnit - 

  TICK 2583614 -- MPC: 26 / MicroInstruction: DataStackPush, LatchMPCounter, MicroProgramCounterZero, LatchPC, PCJumpTypeNext 

  Stack (size = 6): [6 | 6, 621875, 625]

  Return stack (size = 1): [23]

  PC: 55 AR: 54 BR: 62



  [INFO]: ru.rmntim.csa4.comp.ControlUnit - NOW EXECUTING INSTRUCTION PC: 55 --> LIT 72

  [INFO]: ru.rmntim.csa4.comp.ControlUnit - 

  TICK 2583615 -- MPC: 0 / MicroInstruction: LatchAR, ARSelectPC, LatchMPCounter, MicroProgramCounterNext 

  Stack (size = 6): [6 | 6, 621875, 625]

  Return stack (size = 1): [23]

  PC: 55 AR: 55 BR: 62



  [INFO]: ru.rmntim.csa4.comp.ControlUnit - 

  TICK 2583616 -- MPC: 1 / MicroInstruction: LatchMPCounter, MicroProgramCounterOpcode 

  Stack (size = 6): [6 | 6, 621875, 625]

  Return stack (size = 1): [23]

  PC: 55 AR: 55 BR: 62



  [INFO]: ru.rmntim.csa4.comp.ControlUnit - 

  TICK 2583617 -- MPC: 3 / MicroInstruction: DataStackPush, LatchAR, ARSelectPC, LatchMPCounter, MicroProgramCounterNext 

  Stack (size = 7): [6 | 6, 6, 621875]

  Return stack (size = 1): [23]

  PC: 55 AR: 55 BR: 62



  [INFO]: ru.rmntim.csa4.comp.ControlUnit - 

  TICK 2583618 -- MPC: 4 / MicroInstruction: LatchTOS, TOSSelectMemory, LatchMPCounter, MicroProgramCounterZero, LatchPC, PCJumpTypeNext 

  Stack (size = 7): [72 | 6, 6, 621875]

  Return stack (size = 1): [23]

  PC: 56 AR: 55 BR: 62

  MEMORY READ VALUE: AR: 55 ---> OperandInstruction(opcode=LIT, operand=72)



  [INFO]: ru.rmntim.csa4.comp.ControlUnit - NOW EXECUTING INSTRUCTION PC: 56 --> SWAP

  [INFO]: ru.rmntim.csa4.comp.ControlUnit - 

  TICK 2583619 -- MPC: 0 / MicroInstruction: LatchAR, ARSelectPC, LatchMPCounter, MicroProgramCounterNext 

  Stack (size = 7): [72 | 6, 6, 621875]

  Return stack (size = 1): [23]

  PC: 56 AR: 56 BR: 62



  [INFO]: ru.rmntim.csa4.comp.ControlUnit - 

  TICK 2583620 -- MPC: 1 / MicroInstruction: LatchMPCounter, MicroProgramCounterOpcode 

  Stack (size = 7): [72 | 6, 6, 621875]

  Return stack (size = 1): [23]

  PC: 56 AR: 56 BR: 62



  [INFO]: ru.rmntim.csa4.comp.ControlUnit - 

  TICK 2583621 -- MPC: 27 / MicroInstruction: LatchBR, LatchMPCounter, MicroProgramCounterNext 

  Stack (size = 7): [72 | 6, 6, 621875]

  Return stack (size = 1): [23]

  PC: 56 AR: 56 BR: 6



  [INFO]: ru.rmntim.csa4.comp.ControlUnit - 

  TICK 2583622 -- MPC: 28 / MicroInstruction: DataStackPop, LatchMPCounter, MicroProgramCounterNext 

  Stack (size = 6): [72 | 6, 621875, 625]

  Return stack (size = 1): [23]

  PC: 56 AR: 56 BR: 6



  [INFO]: ru.rmntim.csa4.comp.ControlUnit - 

  TICK 2583623 -- MPC: 29 / MicroInstruction: DataStackPush, LatchMPCounter, MicroProgramCounterNext 

  Stack (size = 7): [72 | 72, 6, 621875]

  Return stack (size = 1): [23]

  PC: 56 AR: 56 BR: 6



  [INFO]: ru.rmntim.csa4.comp.ControlUnit - 

  TICK 2583624 -- MPC: 30 / MicroInstruction: LatchTOS, TOSSelectBR, LatchMPCounter, MicroProgramCounterZero, LatchPC, PCJumpTypeNext 

  Stack (size = 7): [6 | 72, 6, 621875]

  Return stack (size = 1): [23]

  PC: 57 AR: 56 BR: 6



  [INFO]: ru.rmntim.csa4.comp.ControlUnit - NOW EXECUTING INSTRUCTION PC: 57 --> JZ

  [INFO]: ru.rmntim.csa4.comp.ControlUnit - 

  TICK 2583625 -- MPC: 0 / MicroInstruction: LatchAR, ARSelectPC, LatchMPCounter, MicroProgramCounterNext 

  Stack (size = 7): [6 | 72, 6, 621875]

  Return stack (size = 1): [23]

  PC: 57 AR: 57 BR: 6



  [INFO]: ru.rmntim.csa4.comp.ControlUnit - 

  TICK 2583626 -- MPC: 1 / MicroInstruction: LatchMPCounter, MicroProgramCounterOpcode 

  Stack (size = 7): [6 | 72, 6, 621875]

  Return stack (size = 1): [23]

  PC: 57 AR: 57 BR: 6



  [INFO]: ru.rmntim.csa4.comp.ControlUnit - 

  TICK 2583627 -- MPC: 44 / MicroInstruction: LatchPC, PCJumpTypeJZ, LatchMPCounter, MicroProgramCounterNext 

  Stack (size = 7): [6 | 72, 6, 621875]

  Return stack (size = 1): [23]

  PC: 58 AR: 57 BR: 6



  [INFO]: ru.rmntim.csa4.comp.ControlUnit - 

  TICK 2583628 -- MPC: 45 / MicroInstruction: DataStackPop, LatchMPCounter, MicroProgramCounterNext 

  Stack (size = 6): [6 | 6, 621875, 625]

  Return stack (size = 1): [23]

  PC: 58 AR: 57 BR: 6



  [INFO]: ru.rmntim.csa4.comp.ControlUnit - 

  TICK 2583629 -- MPC: 46 / MicroInstruction: LatchTOS, TOSSelectDS, LatchMPCounter, MicroProgramCounterNext 

  Stack (size = 6): [6 | 6, 621875, 625]

  Return stack (size = 1): [23]

  PC: 58 AR: 57 BR: 6



  [INFO]: ru.rmntim.csa4.comp.ControlUnit - 

  TICK 2583630 -- MPC: 47 / MicroInstruction: DataStackPop, LatchMPCounter, MicroProgramCounterZero 

  Stack (size = 5): [6 | 621875, 625, 995]

  Return stack (size = 1): [23]

  PC: 58 AR: 57 BR: 6



  [INFO]: ru.rmntim.csa4.comp.ControlUnit - NOW EXECUTING INSTRUCTION PC: 58 --> DUP

  [INFO]: ru.rmntim.csa4.comp.ControlUnit - 

  TICK 2583631 -- MPC: 0 / MicroInstruction: LatchAR, ARSelectPC, LatchMPCounter, MicroProgramCounterNext 

  Stack (size = 5): [6 | 621875, 625, 995]

  Return stack (size = 1): [23]

  PC: 58 AR: 58 BR: 6



  [INFO]: ru.rmntim.csa4.comp.ControlUnit - 

  TICK 2583632 -- MPC: 1 / MicroInstruction: LatchMPCounter, MicroProgramCounterOpcode 

  Stack (size = 5): [6 | 621875, 625, 995]

  Return stack (size = 1): [23]

  PC: 58 AR: 58 BR: 6



  [INFO]: ru.rmntim.csa4.comp.ControlUnit - 

  TICK 2583633 -- MPC: 26 / MicroInstruction: DataStackPush, LatchMPCounter, MicroProgramCounterZero, LatchPC, PCJumpTypeNext 

  Stack (size = 6): [6 | 6, 621875, 625]

  Return stack (size = 1): [23]

  PC: 59 AR: 58 BR: 6



  [INFO]: ru.rmntim.csa4.comp.ControlUnit - NOW EXECUTING INSTRUCTION PC: 59 --> LIT 10

  [INFO]: ru.rmntim.csa4.comp.ControlUnit - 

  TICK 2583634 -- MPC: 0 / MicroInstruction: LatchAR, ARSelectPC, LatchMPCounter, MicroProgramCounterNext 

  Stack (size = 6): [6 | 6, 621875, 625]

  Return stack (size = 1): [23]

  PC: 59 AR: 59 BR: 6



  [INFO]: ru.rmntim.csa4.comp.ControlUnit - 

  TICK 2583635 -- MPC: 1 / MicroInstruction: LatchMPCounter, MicroProgramCounterOpcode 

  Stack (size = 6): [6 | 6, 621875, 625]

  Return stack (size = 1): [23]

  PC: 59 AR: 59 BR: 6



  [INFO]: ru.rmntim.csa4.comp.ControlUnit - 

  TICK 2583636 -- MPC: 3 / MicroInstruction: DataStackPush, LatchAR, ARSelectPC, LatchMPCounter, MicroProgramCounterNext 

  Stack (size = 7): [6 | 6, 6, 621875]

  Return stack (size = 1): [23]

  PC: 59 AR: 59 BR: 6



  [INFO]: ru.rmntim.csa4.comp.ControlUnit - 

  TICK 2583637 -- MPC: 4 / MicroInstruction: LatchTOS, TOSSelectMemory, LatchMPCounter, MicroProgramCounterZero, LatchPC, PCJumpTypeNext 

  Stack (size = 7): [10 | 6, 6, 621875]

  Return stack (size = 1): [23]

  PC: 60 AR: 59 BR: 6

  MEMORY READ VALUE: AR: 59 ---> OperandInstruction(opcode=LIT, operand=10)



  [INFO]: ru.rmntim.csa4.comp.ControlUnit - NOW EXECUTING INSTRUCTION PC: 60 --> MOD

  [INFO]: ru.rmntim.csa4.comp.ControlUnit - 

  TICK 2583638 -- MPC: 0 / MicroInstruction: LatchAR, ARSelectPC, LatchMPCounter, MicroProgramCounterNext 

  Stack (size = 7): [10 | 6, 6, 621875]

  Return stack (size = 1): [23]

  PC: 60 AR: 60 BR: 6



  [INFO]: ru.rmntim.csa4.comp.ControlUnit - 

  TICK 2583639 -- MPC: 1 / MicroInstruction: LatchMPCounter, MicroProgramCounterOpcode 

  Stack (size = 7): [10 | 6, 6, 621875]

  Return stack (size = 1): [23]

  PC: 60 AR: 60 BR: 6



  [INFO]: ru.rmntim.csa4.comp.ControlUnit - 

  TICK 2583640 -- MPC: 20 / MicroInstruction: ALUMod, ALULeftOPDataStack, TOSSelectALU, LatchTOS, LatchMPCounter, MicroProgramCounterNext 

  Stack (size = 7): [6 | 6, 6, 621875]

  Return stack (size = 1): [23]

  PC: 60 AR: 60 BR: 6



  [INFO]: ru.rmntim.csa4.comp.ControlUnit - 

  TICK 2583641 -- MPC: 21 / MicroInstruction: DataStackPop, LatchMPCounter, MicroProgramCounterZero, LatchPC, PCJumpTypeNext 

  Stack (size = 6): [6 | 6, 621875, 625]

  Return stack (size = 1): [23]

  PC: 61 AR: 60 BR: 6



  [INFO]: ru.rmntim.csa4.comp.ControlUnit - NOW EXECUTING INSTRUCTION PC: 61 --> LIT 47

  [INFO]: ru.rmntim.csa4.comp.ControlUnit - 

  TICK 2583642 -- MPC: 0 / MicroInstruction: LatchAR, ARSelectPC, LatchMPCounter, MicroProgramCounterNext 

  Stack (size = 6): [6 | 6, 621875, 625]

  Return stack (size = 1): [23]

  PC: 61 AR: 61 BR: 6



  [INFO]: ru.rmntim.csa4.comp.ControlUnit - 

  TICK 2583643 -- MPC: 1 / MicroInstruction: LatchMPCounter, MicroProgramCounterOpcode 

  Stack (size = 6): [6 | 6, 621875, 625]

  Return stack (size = 1): [23]

  PC: 61 AR: 61 BR: 6



  [INFO]: ru.rmntim.csa4.comp.ControlUnit - 

  TICK 2583644 -- MPC: 3 / MicroInstruction: DataStackPush, LatchAR, ARSelectPC, LatchMPCounter, MicroProgramCounterNext 

  Stack (size = 7): [6 | 6, 6, 621875]

  Return stack (size = 1): [23]

  PC: 61 AR: 61 BR: 6



  [INFO]: ru.rmntim.csa4.comp.ControlUnit - 

  TICK 2583645 -- MPC: 4 / MicroInstruction: LatchTOS, TOSSelectMemory, LatchMPCounter, MicroProgramCounterZero, LatchPC, PCJumpTypeNext 

  Stack (size = 7): [47 | 6, 6, 621875]

  Return stack (size = 1): [23]

  PC: 62 AR: 61 BR: 6

  MEMORY READ VALUE: AR: 61 ---> OperandInstruction(opcode=LIT, operand=47)



  [INFO]: ru.rmntim.csa4.comp.ControlUnit - NOW EXECUTING INSTRUCTION PC: 62 --> LOAD

  [INFO]: ru.rmntim.csa4.comp.ControlUnit - 

  TICK 2583646 -- MPC: 0 / MicroInstruction: LatchAR, ARSelectPC, LatchMPCounter, MicroProgramCounterNext 

  Stack (size = 7): [47 | 6, 6, 621875]

  Return stack (size = 1): [23]

  PC: 62 AR: 62 BR: 6



  [INFO]: ru.rmntim.csa4.comp.ControlUnit - 

  TICK 2583647 -- MPC: 1 / MicroInstruction: LatchMPCounter, MicroProgramCounterOpcode 

  Stack (size = 7): [47 | 6, 6, 621875]

  Return stack (size = 1): [23]

  PC: 62 AR: 62 BR: 6



  [INFO]: ru.rmntim.csa4.comp.ControlUnit - 

  TICK 2583648 -- MPC: 5 / MicroInstruction: LatchAR, ARSelectTOS, LatchMPCounter, MicroProgramCounterNext 

  Stack (size = 7): [47 | 6, 6, 621875]

  Return stack (size = 1): [23]

  PC: 62 AR: 47 BR: 6



  [INFO]: ru.rmntim.csa4.comp.ControlUnit - 

  TICK 2583649 -- MPC: 6 / MicroInstruction: LatchTOS, TOSSelectMemory, LatchMPCounter, MicroProgramCounterZero, LatchPC, PCJumpTypeNext 

  Stack (size = 7): [57812 | 6, 6, 621875]

  Return stack (size = 1): [23]

  PC: 63 AR: 47 BR: 6

  MEMORY READ VALUE: AR: 47 ---> Data(value=57812)



  [INFO]: ru.rmntim.csa4.comp.ControlUnit - NOW EXECUTING INSTRUCTION PC: 63 --> LIT 10

  [INFO]: ru.rmntim.csa4.comp.ControlUnit - 

  TICK 2583650 -- MPC: 0 / MicroInstruction: LatchAR, ARSelectPC, LatchMPCounter, MicroProgramCounterNext 

  Stack (size = 7): [57812 | 6, 6, 621875]

  Return stack (size = 1): [23]

  PC: 63 AR: 63 BR: 6



  [INFO]: ru.rmntim.csa4.comp.ControlUnit - 

  TICK 2583651 -- MPC: 1 / MicroInstruction: LatchMPCounter, MicroProgramCounterOpcode 

  Stack (size = 7): [57812 | 6, 6, 621875]

  Return stack (size = 1): [23]

  PC: 63 AR: 63 BR: 6



  [INFO]: ru.rmntim.csa4.comp.ControlUnit - 

  TICK 2583652 -- MPC: 3 / MicroInstruction: DataStackPush, LatchAR, ARSelectPC, LatchMPCounter, MicroProgramCounterNext 

  Stack (size = 8): [57812 | 57812, 6, 6]

  Return stack (size = 1): [23]

  PC: 63 AR: 63 BR: 6



  [INFO]: ru.rmntim.csa4.comp.ControlUnit - 

  TICK 2583653 -- MPC: 4 / MicroInstruction: LatchTOS, TOSSelectMemory, LatchMPCounter, MicroProgramCounterZero, LatchPC, PCJumpTypeNext 

  Stack (size = 8): [10 | 57812, 6, 6]

  Return stack (size = 1): [23]

  PC: 64 AR: 63 BR: 6

  MEMORY READ VALUE: AR: 63 ---> OperandInstruction(opcode=LIT, operand=10)



  [INFO]: ru.rmntim.csa4.comp.ControlUnit - NOW EXECUTING INSTRUCTION PC: 64 --> MUL

  [INFO]: ru.rmntim.csa4.comp.ControlUnit - 

  TICK 2583654 -- MPC: 0 / MicroInstruction: LatchAR, ARSelectPC, LatchMPCounter, MicroProgramCounterNext 

  Stack (size = 8): [10 | 57812, 6, 6]

  Return stack (size = 1): [23]

  PC: 64 AR: 64 BR: 6



  [INFO]: ru.rmntim.csa4.comp.ControlUnit - 

  TICK 2583655 -- MPC: 1 / MicroInstruction: LatchMPCounter, MicroProgramCounterOpcode 

  Stack (size = 8): [10 | 57812, 6, 6]

  Return stack (size = 1): [23]

  PC: 64 AR: 64 BR: 6



  [INFO]: ru.rmntim.csa4.comp.ControlUnit - 

  TICK 2583656 -- MPC: 16 / MicroInstruction: ALUMul, ALULeftOPDataStack, TOSSelectALU, LatchTOS, LatchMPCounter, MicroProgramCounterNext 

  Stack (size = 8): [578120 | 57812, 6, 6]

  Return stack (size = 1): [23]

  PC: 64 AR: 64 BR: 6



  [INFO]: ru.rmntim.csa4.comp.ControlUnit - 

  TICK 2583657 -- MPC: 17 / MicroInstruction: DataStackPop, LatchMPCounter, MicroProgramCounterZero, LatchPC, PCJumpTypeNext 

  Stack (size = 7): [578120 | 6, 6, 621875]

  Return stack (size = 1): [23]

  PC: 65 AR: 64 BR: 6



  [INFO]: ru.rmntim.csa4.comp.ControlUnit - NOW EXECUTING INSTRUCTION PC: 65 --> ADD

  [INFO]: ru.rmntim.csa4.comp.ControlUnit - 

  TICK 2583658 -- MPC: 0 / MicroInstruction: LatchAR, ARSelectPC, LatchMPCounter, MicroProgramCounterNext 

  Stack (size = 7): [578120 | 6, 6, 621875]

  Return stack (size = 1): [23]

  PC: 65 AR: 65 BR: 6



  [INFO]: ru.rmntim.csa4.comp.ControlUnit - 

  TICK 2583659 -- MPC: 1 / MicroInstruction: LatchMPCounter, MicroProgramCounterOpcode 

  Stack (size = 7): [578120 | 6, 6, 621875]

  Return stack (size = 1): [23]

  PC: 65 AR: 65 BR: 6



  [INFO]: ru.rmntim.csa4.comp.ControlUnit - 

  TICK 2583660 -- MPC: 12 / MicroInstruction: ALUSum, ALULeftOPDataStack, TOSSelectALU, LatchTOS, LatchMPCounter, MicroProgramCounterNext 

  Stack (size = 7): [578126 | 6, 6, 621875]

  Return stack (size = 1): [23]

  PC: 65 AR: 65 BR: 6



  [INFO]: ru.rmntim.csa4.comp.ControlUnit - 

  TICK 2583661 -- MPC: 13 / MicroInstruction: DataStackPop, LatchMPCounter, MicroProgramCounterZero, LatchPC, PCJumpTypeNext 

  Stack (size = 6): [578126 | 6, 621875, 625]

  Return stack (size = 1): [23]

  PC: 66 AR: 65 BR: 6



  [INFO]: ru.rmntim.csa4.comp.ControlUnit - NOW EXECUTING INSTRUCTION PC: 66 --> LIT 47

  [INFO]: ru.rmntim.csa4.comp.ControlUnit - 

  TICK 2583662 -- MPC: 0 / MicroInstruction: LatchAR, ARSelectPC, LatchMPCounter, MicroProgramCounterNext 

  Stack (size = 6): [578126 | 6, 621875, 625]

  Return stack (size = 1): [23]

  PC: 66 AR: 66 BR: 6



  [INFO]: ru.rmntim.csa4.comp.ControlUnit - 

  TICK 2583663 -- MPC: 1 / MicroInstruction: LatchMPCounter, MicroProgramCounterOpcode 

  Stack (size = 6): [578126 | 6, 621875, 625]

  Return stack (size = 1): [23]

  PC: 66 AR: 66 BR: 6



  [INFO]: ru.rmntim.csa4.comp.ControlUnit - 

  TICK 2583664 -- MPC: 3 / MicroInstruction: DataStackPush, LatchAR, ARSelectPC, LatchMPCounter, MicroProgramCounterNext 

  Stack (size = 7): [578126 | 578126, 6, 621875]

  Return stack (size = 1): [23]

  PC: 66 AR: 66 BR: 6



  [INFO]: ru.rmntim.csa4.comp.ControlUnit - 

  TICK 2583665 -- MPC: 4 / MicroInstruction: LatchTOS, TOSSelectMemory, LatchMPCounter, MicroProgramCounterZero, LatchPC, PCJumpTypeNext 

  Stack (size = 7): [47 | 578126, 6, 621875]

  Return stack (size = 1): [23]

  PC: 67 AR: 66 BR: 6

  MEMORY READ VALUE: AR: 66 ---> OperandInstruction(opcode=LIT, operand=47)



  [INFO]: ru.rmntim.csa4.comp.ControlUnit - NOW EXECUTING INSTRUCTION PC: 67 --> STORE

  [INFO]: ru.rmntim.csa4.comp.ControlUnit - 

  TICK 2583666 -- MPC: 0 / MicroInstruction: LatchAR, ARSelectPC, LatchMPCounter, MicroProgramCounterNext 

  Stack (size = 7): [47 | 578126, 6, 621875]

  Return stack (size = 1): [23]

  PC: 67 AR: 67 BR: 6
